ARM Linker, 5.01 [Build 43] 

==============================================================================

Image Symbol Table

    Local Symbols

    Symbol Name                              Value     Ov Type        Size  Object(Section)

    !!!main                                  0x00000000   Section        8  __main.o(!!!main)
    ../clib/angel/boardlib.s                 0x00000000   Number         0  boardshut.o ABSOLUTE
    ../clib/angel/boardlib.s                 0x00000000   Number         0  boardinit3.o ABSOLUTE
    ../clib/angel/boardlib.s                 0x00000000   Number         0  boardinit2.o ABSOLUTE
    ../clib/angel/boardlib.s                 0x00000000   Number         0  boardinit1.o ABSOLUTE
    ../clib/angel/dclz77c.s                  0x00000000   Number         0  __dclz77c.o ABSOLUTE
    ../clib/angel/handlers.s                 0x00000000   Number         0  __scatter_zi.o ABSOLUTE
    ../clib/angel/handlers.s                 0x00000000   Number         0  __scatter_copy.o ABSOLUTE
    ../clib/angel/kernel.s                   0x00000000   Number         0  rtexit2.o ABSOLUTE
    ../clib/angel/kernel.s                   0x00000000   Number         0  rtentry.o ABSOLUTE
    ../clib/angel/kernel.s                   0x00000000   Number         0  rtentry2.o ABSOLUTE
    ../clib/angel/kernel.s                   0x00000000   Number         0  rtentry4.o ABSOLUTE
    ../clib/angel/kernel.s                   0x00000000   Number         0  rtexit.o ABSOLUTE
    ../clib/angel/rt.s                       0x00000000   Number         0  rt_raise.o ABSOLUTE
    ../clib/angel/scatter.s                  0x00000000   Number         0  __scatter.o ABSOLUTE
    ../clib/angel/startup.s                  0x00000000   Number         0  __main.o ABSOLUTE
    ../clib/angel/sys.s                      0x00000000   Number         0  sys_stackheap_outer.o ABSOLUTE
    ../clib/angel/sys.s                      0x00000000   Number         0  libspace.o ABSOLUTE
    ../clib/angel/sys.s                      0x00000000   Number         0  indicate_semi.o ABSOLUTE
    ../clib/angel/sys.s                      0x00000000   Number         0  use_no_semi.o ABSOLUTE
    ../clib/angel/sysapp.c                   0x00000000   Number         0  sys_exit.o ABSOLUTE
    ../clib/angel/sysapp.c                   0x00000000   Number         0  sys_wrch.o ABSOLUTE
    ../clib/angel/sysapp.c                   0x00000000   Number         0  sys_command.o ABSOLUTE
    ../clib/armsys.c                         0x00000000   Number         0  no_argv.o ABSOLUTE
    ../clib/armsys.c                         0x00000000   Number         0  _get_argv_nomalloc.o ABSOLUTE
    ../clib/armsys.c                         0x00000000   Number         0  argv_veneer.o ABSOLUTE
    ../clib/armsys.c                         0x00000000   Number         0  argv_veneer.o ABSOLUTE
    ../clib/heapalloc.c                      0x00000000   Number         0  hrguard.o ABSOLUTE
    ../clib/libinit.s                        0x00000000   Number         0  libshutdown.o ABSOLUTE
    ../clib/libinit.s                        0x00000000   Number         0  libinit2.o ABSOLUTE
    ../clib/libinit.s                        0x00000000   Number         0  libshutdown2.o ABSOLUTE
    ../clib/libinit.s                        0x00000000   Number         0  libinit.o ABSOLUTE
    ../clib/signal.c                         0x00000000   Number         0  defsig_other.o ABSOLUTE
    ../clib/signal.c                         0x00000000   Number         0  defsig_segv_inner.o ABSOLUTE
    ../clib/signal.c                         0x00000000   Number         0  defsig_cppl_inner.o ABSOLUTE
    ../clib/signal.c                         0x00000000   Number         0  defsig_pvfn_inner.o ABSOLUTE
    ../clib/signal.c                         0x00000000   Number         0  defsig_stak_inner.o ABSOLUTE
    ../clib/signal.c                         0x00000000   Number         0  defsig_rtred_inner.o ABSOLUTE
    ../clib/signal.c                         0x00000000   Number         0  defsig_fpe_inner.o ABSOLUTE
    ../clib/signal.c                         0x00000000   Number         0  defsig_abrt_inner.o ABSOLUTE
    ../clib/signal.c                         0x00000000   Number         0  defsig_rtmem_outer.o ABSOLUTE
    ../clib/signal.c                         0x00000000   Number         0  defsig_rtmem_formal.o ABSOLUTE
    ../clib/signal.c                         0x00000000   Number         0  defsig_general.o ABSOLUTE
    ../clib/signal.c                         0x00000000   Number         0  defsig_exit.o ABSOLUTE
    ../clib/signal.c                         0x00000000   Number         0  defsig_rtmem_inner.o ABSOLUTE
    ../clib/signal.c                         0x00000000   Number         0  __raise.o ABSOLUTE
    ../clib/signal.s                         0x00000000   Number         0  defsig.o ABSOLUTE
[...]
    __rt_lib_shutdown                        0x000000fd   Thumb Code     0  libshutdown.o(.ARM.Collect$$libshutdown$$00000000)
    __rt_lib_shutdown_fp_trap_1              0x000000ff   Thumb Code     0  libshutdown2.o(.ARM.Collect$$libshutdown$$00000006)
    __rt_lib_shutdown_heap_1                 0x000000ff   Thumb Code     0  libshutdown2.o(.ARM.Collect$$libshutdown$$0000000E)
    __rt_lib_shutdown_return                 0x000000ff   Thumb Code     0  libshutdown2.o(.ARM.Collect$$libshutdown$$0000000F)
    __rt_lib_shutdown_signal_1               0x000000ff   Thumb Code     0  libshutdown2.o(.ARM.Collect$$libshutdown$$00000009)
    __rt_lib_shutdown_stdio_1                0x000000ff   Thumb Code     0  libshutdown2.o(.ARM.Collect$$libshutdown$$00000003)
    __rt_lib_shutdown_user_alloc_1           0x000000ff   Thumb Code     0  libshutdown2.o(.ARM.Collect$$libshutdown$$0000000B)
    __rt_entry                               0x00000100   ARM Code       0  rtentry.o(.ARM.Collect$$rtentry$$00000000)
    __rt_entry_presh_1                       0x00000100   ARM Code       0  rtentry2.o(.ARM.Collect$$rtentry$$00000002)
    __rt_entry_sh                            0x00000100   ARM Code       0  rtentry4.o(.ARM.Collect$$rtentry$$00000004)
    __rt_entry_li                            0x00000108   ARM Code       0  rtentry2.o(.ARM.Collect$$rtentry$$0000000A)
    __rt_entry_postsh_1                      0x00000108   ARM Code       0  rtentry2.o(.ARM.Collect$$rtentry$$00000009)
    __rt_entry_main                          0x0000010c   ARM Code       0  rtentry2.o(.ARM.Collect$$rtentry$$0000000D)
    __rt_entry_postli_1                      0x0000010c   ARM Code       0  rtentry2.o(.ARM.Collect$$rtentry$$0000000C)
    __rt_exit                                0x00000134   ARM Code       0  rtexit.o(.ARM.Collect$$rtexit$$00000000)
    __rt_exit_ls                             0x00000138   ARM Code       0  rtexit2.o(.ARM.Collect$$rtexit$$00000003)
    __rt_exit_prels_1                        0x00000138   ARM Code       0  rtexit2.o(.ARM.Collect$$rtexit$$00000002)
    __rt_exit_exit                           0x0000013c   ARM Code       0  rtexit2.o(.ARM.Collect$$rtexit$$00000004)
    main                                     0x00000145   Thumb Code     4  devcfg_main.o(.text)
    __user_initial_stackheap                 0x00000149   Thumb Code     2  devcfg_main.o(.text)
    __user_setup_stackheap                   0x0000014c   ARM Code      96  sys_stackheap_outer.o(.text)
    exit                                     0x000001ad   Thumb Code    12  exit.o(.text)
    __user_libspace                          0x000001b8   ARM Code      12  libspace.o(.text)
    __user_perproc_libspace                  0x000001b8   ARM Code       0  libspace.o(.text)
    __user_perthread_libspace                0x000001b8   ARM Code       0  libspace.o(.text)
    _sys_exit                                0x000001c5   Thumb Code     8  sys_exit.o(.text)
    __I$use$semihosting                      0x000001d0   ARM Code       0  use_no_semi.o(.text)
    __use_no_semihosting_swi                 0x000001d0   ARM Code       4  use_no_semi.o(.text)
    __libspace_start                         0x000001d4   Data          96  libspace.o(.bss)
    __semihosting_library_function           0x000001d4   ARM Code       0  indicate_semi.o(.text)
    __temporary_stack_top$libspace           0x00000234   Data           0  libspace.o(.bss)
    DALPROP_PropsInfo                        0x0d20c000   Data          16  devcfg_data.o(.data)
    DALPROP_StructPtrs                       0x0d20c010   Data         208  DALConfig_wcn.o(.data)
    DALPROP_PropBin                          0x0d20c0e0   Data        5148  DALConfig_wcn.o(.data)
    Collision_223289465                      0x0d20d4fc   Data           8  DALConfig_wcn.o(.data)
    driver_list                              0x0d20d504   Data         720  DALConfig_wcn.o(.data)
    cfg_bus_list                             0x0d20dea8   Data          16  ul_data.o(.data)
    cfg_slave_list                           0x0d20deb8   Data          92  ul_data.o(.data)
    cfg_master_list                          0x0d20df14   Data          60  ul_data.o(.data)
    ul_cfg_clock_node_list                   0x0d20df50   Data          16  ul_data.o(.data)
    route_tree_root                          0x0d210480   Data           4  ul_data.o(.data)
    ul_arb_master_list                       0x0d210484   Data          60  ul_data.o(.data)
    ul_arb_slave_list                        0x0d2104c0   Data          92  ul_data.o(.data)
    ul_arb_clock_node_list                   0x0d21051c   Data          16  ul_data.o(.data)
    tfunnel_port_rpm                         0x0d210544   Data          12  tfunnel_config.o(.data)
    tfunnel_port_mpss                        0x0d210550   Data          12  tfunnel_config.o(.data)
    tfunnel_port_adsp                        0x0d21055c   Data          12  tfunnel_config.o(.data)
    tfunnel_port_system_noc                  0x0d210568   Data          12  tfunnel_config.o(.data)
    tfunnel_port_ocmem_noc                   0x0d210574   Data          12  tfunnel_config.o(.data)
    tfunnel_port_mmss_noc                    0x0d210580   Data          12  tfunnel_config.o(.data)
    tfunnel_port_peripheral_noc              0x0d21058c   Data          12  tfunnel_config.o(.data)
    tfunnel_port_rpm_itm                     0x0d210598   Data          12  tfunnel_config.o(.data)
    tfunnel_port_mmss                        0x0d2105a4   Data          12  tfunnel_config.o(.data)
    tfunnel_port_pronto                      0x0d2105b0   Data          12  tfunnel_config.o(.data)
    tfunnel_port_bimc                        0x0d2105bc   Data          12  tfunnel_config.o(.data)
    tfunnel_port_modem                       0x0d2105c8   Data          12  tfunnel_config.o(.data)
    tfunnel_port_krait                       0x0d2105d4   Data          12  tfunnel_config.o(.data)
    tfunnel_port_stm                         0x0d2105e0   Data          12  tfunnel_config.o(.data)
    devcfgSpmBspData                         0x0d2105ec   Data          56  SPMDevCfgData.o(.data)
    devcfgSpmCmdSeqArray                     0x0d210644   Data          84  SPMDevCfgData.o(.data)
    gSpmCmdDelay                             0x0d210698   Data           1  SPMDevCfgData.o(.data)
    interrupt_config_map                     0x0d21069c   Data          24  GPIOInt_ConfigData.o(.data)
    pInterruptControllerConfigData           0x0d210e58   Data          16  InterruptConfigData.o(.data)
    pmic_npa_ldo_remote_resources            0x0d210e68   Data          40  pm_wcn_node_resources.o(.data)
    pmic_npa_remote_ldo                      0x0d210e90   Data           8  pm_wcn_node_resources.o(.data)
    pmic_npa_smps_remote_resources           0x0d210e98   Data           8  pm_wcn_node_resources.o(.data)
    pmic_npa_remote_smps                     0x0d210ea0   Data           8  pm_wcn_node_resources.o(.data)
    pmic_npa_clk_remote_resources            0x0d210ea8   Data           8  pm_wcn_node_resources.o(.data)
    pmic_npa_remote_clk                      0x0d210eb0   Data           8  pm_wcn_node_resources.o(.data)
    pm_sleepset_resources                    0x0d210eb8   Data           8  pm_wcn_node_resources.o(.data)
    pm_wcn_proc_client_dev_deps_hfpll1       0x0d210ec0   Data          24  pm_wcn_node_resources.o(.data)
    pm_wcn_proc_client_dev_deps_rail_cx      0x0d210ed8   Data          24  pm_wcn_node_resources.o(.data)
    pm_wcn_proc_client_dev_deps_rail_mx      0x0d210ef0   Data          24  pm_wcn_node_resources.o(.data)
    pm_wcn_proc_client_dev_deps_wcn1         0x0d210f08   Data          48  pm_wcn_node_resources.o(.data)
    pm_wcn_proc_client_dev_deps_wcn2         0x0d210f38   Data          72  pm_wcn_node_resources.o(.data)
    pm_wcn_proc_client_dev_deps_wcn_core     0x0d210f80   Data          48  pm_wcn_node_resources.o(.data)
    pm_wcn_proc_client_dev_deps_wcn_core_clk 0x0d210fb0   Data          72  pm_wcn_node_resources.o(.data)
    pm_wcn_proc_client_dev_deps_wcn_pa       0x0d210ff8   Data          24  pm_wcn_node_resources.o(.data)
    pm_wcn_proc_client_dev_deps_pll_sr2      0x0d211010   Data          24  pm_wcn_node_resources.o(.data)
    pmic_npa_wcn_node_resources              0x0d211028   Data         324  pm_wcn_node_resources.o(.data)
    num_of_pmic_wcn_nodes                    0x0d21116c   Data           4  pm_wcn_node_resources.o(.data)
    GPIOCommonConfig_V6_VariantCommon        0x0d211170   Data           4  wcnss_settings.o(.data)
    GPIORegConfig_V6_VariantCommon           0x0d211174   Data          14  wcnss_settings.o(.data)
    pm_pam_hfpll1_a_ldo8                     0x0d211184   Data         216  pm_wcn_proc_pam.o(.data)
    pm_pam_pll_sr2_a_ldo8                    0x0d21125c   Data         216  pm_wcn_proc_pam.o(.data)
    pm_pam_pll_sr2_rails_info                0x0d211334   Data           8  pm_wcn_proc_pam.o(.data)
    pm_pam_hfpll1_rails_info                 0x0d21133c   Data           8  pm_wcn_proc_pam.o(.data)
    pm_pam_rail_cx_a_smps1                   0x0d211344   Data        1008  pm_wcn_proc_pam.o(.data)
    pm_pam_rail_cx_rails_info                0x0d211734   Data           8  pm_wcn_proc_pam.o(.data)
    pm_pam_rail_mx_a_ldo3                    0x0d21173c   Data         756  pm_wcn_proc_pam.o(.data)
    pm_pam_rail_mx_rails_info                0x0d211a30   Data           8  pm_wcn_proc_pam.o(.data)
    pm_pam_wcn_core_clk_a_clk_buff5          0x0d211a38   Data         144  pm_wcn_proc_pam.o(.data)
    pm_pam_wcn_core_clk_a_ldo10              0x0d211ac8   Data         648  pm_wcn_proc_pam.o(.data)
    pm_pam_wcn_core_clk_a_ldo24              0x0d211d50   Data         648  pm_wcn_proc_pam.o(.data)
    pm_pam_wcn_core_clk_rails_info           0x0d211fd8   Data          24  pm_wcn_proc_pam.o(.data)
    pm_pam_wcn2_a_clk_buff5                  0x0d211ff0   Data         144  pm_wcn_proc_pam.o(.data)
    pm_pam_wcn2_a_ldo16                      0x0d212080   Data         648  pm_wcn_proc_pam.o(.data)
    pm_pam_wcn2_a_ldo24                      0x0d212308   Data         648  pm_wcn_proc_pam.o(.data)
    pm_pam_wcn2_rails_info                   0x0d212590   Data          24  pm_wcn_proc_pam.o(.data)
    pm_pam_wcn_core_a_ldo10                  0x0d2125a8   Data         648  pm_wcn_proc_pam.o(.data)
    pm_pam_wcn_core_a_ldo24                  0x0d212830   Data         648  pm_wcn_proc_pam.o(.data)
    pm_pam_wcn_core_rails_info               0x0d212ab8   Data          16  pm_wcn_proc_pam.o(.data)
    pm_pam_wcn1_a_ldo16                      0x0d212ac8   Data         648  pm_wcn_proc_pam.o(.data)
    pm_pam_wcn1_a_ldo24                      0x0d212d50   Data         648  pm_wcn_proc_pam.o(.data)
    pm_pam_wcn1_rails_info                   0x0d212fd8   Data          16  pm_wcn_proc_pam.o(.data)
    pm_pam_wcn_pa_a_ldo16                    0x0d212fe8   Data         648  pm_wcn_proc_pam.o(.data)
    pm_pam_wcn_pa_rails_info                 0x0d213270   Data           8  pm_wcn_proc_pam.o(.data)
    u32cfg_bus_list_size                     0x0d213278   Data           4  ul_data.o(.constdata)
    u32cfg_slave_list_size                   0x0d21327c   Data           4  ul_data.o(.constdata)
    u32cfg_master_list_size                  0x0d213280   Data           4  ul_data.o(.constdata)
    u32ul_cfg_clk_node_list_size             0x0d213284   Data           4  ul_data.o(.constdata)
    u32ul_arb_master_list_size               0x0d213288   Data           4  ul_data.o(.constdata)
    u32ul_arb_slave_list_size                0x0d21328c   Data           4  ul_data.o(.constdata)
    u32ul_arb_clk_node_list_size             0x0d213290   Data           4  ul_data.o(.constdata)
    hwevent_config_table                     0x0d213294   Data           8  hwevent_config.o(.constdata)
    table_size_array                         0x0d21329c   Data           4  hwevent_config.o(.constdata)
    hwevent_addr_table                       0x0d2132a0   Data          16  hwevent_config.o(.constdata)
    addr_range_table_size                    0x0d2132b0   Data           4  hwevent_config.o(.constdata)
    SourceConfig                             0x0d2132b4   Data         192  ClockBSP.o(.constdata)
    WCNClockConfig                           0x0d213374   Data         360  ClockBSP.o(.constdata)
    WCNFMClockConfig                         0x0d2134dc   Data          80  ClockBSP.o(.constdata)
    WCNBT32MHZClockConfig                    0x0d21352c   Data          80  ClockBSP.o(.constdata)
    ClockLogDefaultConfig                    0x0d21357c   Data           8  ClockBSP.o(.constdata)
    ClockFlagInitConfig                      0x0d213584   Data          48  ClockBSP.o(.constdata)
    Region$$Table$$Base                      0x0d214750   Number         0  anon$$obj.o(Region$$Table)
    Region$$Table$$Limit                     0x0d214780   Number         0  anon$$obj.o(Region$$Table)



==============================================================================

Memory Map of the image

  Image Entry point : 0x00000000

  Load Region DEVCFG_CODE_SEG (Base: 0x00000000, Size: 0x000001d4, Max: 0xffffffff, ABSOLUTE)

    Execution Region CODE_SEC (Base: 0x00000000, Size: 0x000001d4, Max: 0xffffffff, ABSOLUTE)

    Base Addr    Size         Type   Attr      Idx    E Section Name        Object

    0x00000000   0x00000008   Code   RO         1207  * !!!main             c_5.l(__main.o)
    0x00000008   0x0000003c   Code   RO         1363    !!!scatter          c_5.l(__scatter.o)
    0x00000044   0x00000060   Code   RO         1361    !!dclz77c           c_5.l(__dclz77c.o)
    0x000000a4   0x00000028   Code   RO         1365    !!handler_copy      c_5.l(__scatter_copy.o)
    0x000000cc   0x0000002c   Code   RO         1367    !!handler_zi        c_5.l(__scatter_zi.o)
    0x000000f8   0x00000002   Code   RO         1234    .ARM.Collect$$libinit$$00000000  c_5.l(libinit.o)
    0x000000fa   0x00000000   Code   RO         1241    .ARM.Collect$$libinit$$00000002  c_5.l(libinit2.o)
    0x000000fa   0x00000000   Code   RO         1244    .ARM.Collect$$libinit$$00000008  c_5.l(libinit2.o)
    0x000000fa   0x00000000   Code   RO         1246    .ARM.Collect$$libinit$$0000000A  c_5.l(libinit2.o)
    0x000000fa   0x00000000   Code   RO         1248    .ARM.Collect$$libinit$$0000000C  c_5.l(libinit2.o)
    0x000000fa   0x00000000   Code   RO         1251    .ARM.Collect$$libinit$$0000000F  c_5.l(libinit2.o)
    0x000000fa   0x00000000   Code   RO         1253    .ARM.Collect$$libinit$$00000011  c_5.l(libinit2.o)
    0x000000fa   0x00000000   Code   RO         1255    .ARM.Collect$$libinit$$00000013  c_5.l(libinit2.o)
    0x000000fa   0x00000000   Code   RO         1257    .ARM.Collect$$libinit$$00000015  c_5.l(libinit2.o)
    0x000000fa   0x00000000   Code   RO         1259    .ARM.Collect$$libinit$$00000017  c_5.l(libinit2.o)
    0x000000fa   0x00000000   Code   RO         1261    .ARM.Collect$$libinit$$00000019  c_5.l(libinit2.o)
    0x000000fa   0x00000000   Code   RO         1263    .ARM.Collect$$libinit$$0000001B  c_5.l(libinit2.o)
    0x000000fa   0x00000000   Code   RO         1265    .ARM.Collect$$libinit$$0000001D  c_5.l(libinit2.o)
    0x000000fa   0x00000000   Code   RO         1267    .ARM.Collect$$libinit$$0000001F  c_5.l(libinit2.o)
    0x000000fa   0x00000000   Code   RO         1269    .ARM.Collect$$libinit$$00000021  c_5.l(libinit2.o)
    0x000000fa   0x00000000   Code   RO         1271    .ARM.Collect$$libinit$$00000023  c_5.l(libinit2.o)
    0x000000fa   0x00000000   Code   RO         1275    .ARM.Collect$$libinit$$0000002A  c_5.l(libinit2.o)
    0x000000fa   0x00000000   Code   RO         1277    .ARM.Collect$$libinit$$0000002C  c_5.l(libinit2.o)
    0x000000fa   0x00000000   Code   RO         1279    .ARM.Collect$$libinit$$0000002E  c_5.l(libinit2.o)
    0x000000fa   0x00000000   Code   RO         1281    .ARM.Collect$$libinit$$00000030  c_5.l(libinit2.o)
    0x000000fa   0x00000002   Code   RO         1282    .ARM.Collect$$libinit$$00000031  c_5.l(libinit2.o)
    0x000000fc   0x00000002   Code   RO         1302    .ARM.Collect$$libshutdown$$00000000  c_5.l(libshutdown.o)
    0x000000fe   0x00000000   Code   RO         1316    .ARM.Collect$$libshutdown$$00000003  c_5.l(libshutdown2.o)
    0x000000fe   0x00000000   Code   RO         1319    .ARM.Collect$$libshutdown$$00000006  c_5.l(libshutdown2.o)
    0x000000fe   0x00000000   Code   RO         1322    .ARM.Collect$$libshutdown$$00000009  c_5.l(libshutdown2.o)
    0x000000fe   0x00000000   Code   RO         1324    .ARM.Collect$$libshutdown$$0000000B  c_5.l(libshutdown2.o)
    0x000000fe   0x00000000   Code   RO         1327    .ARM.Collect$$libshutdown$$0000000E  c_5.l(libshutdown2.o)
    0x000000fe   0x00000002   Code   RO         1328    .ARM.Collect$$libshutdown$$0000000F  c_5.l(libshutdown2.o)
    0x00000100   0x00000000   Code   RO         1209    .ARM.Collect$$rtentry$$00000000  c_5.l(rtentry.o)
    0x00000100   0x00000000   Code   RO         1211    .ARM.Collect$$rtentry$$00000002  c_5.l(rtentry2.o)
    0x00000100   0x00000008   Code   RO         1223    .ARM.Collect$$rtentry$$00000004  c_5.l(rtentry4.o)
    0x00000108   0x00000000   Code   RO         1213    .ARM.Collect$$rtentry$$00000009  c_5.l(rtentry2.o)
    0x00000108   0x00000004   Code   RO         1214    .ARM.Collect$$rtentry$$0000000A  c_5.l(rtentry2.o)
    0x0000010c   0x00000000   Code   RO         1216    .ARM.Collect$$rtentry$$0000000C  c_5.l(rtentry2.o)
    0x0000010c   0x00000028   Code   RO         1217    .ARM.Collect$$rtentry$$0000000D  c_5.l(rtentry2.o)
    0x00000134   0x00000004   Code   RO         1238    .ARM.Collect$$rtexit$$00000000  c_5.l(rtexit.o)
    0x00000138   0x00000000   Code   RO         1284    .ARM.Collect$$rtexit$$00000002  c_5.l(rtexit2.o)
    0x00000138   0x00000004   Code   RO         1285    .ARM.Collect$$rtexit$$00000003  c_5.l(rtexit2.o)
    0x0000013c   0x00000008   Code   RO         1286    .ARM.Collect$$rtexit$$00000004  c_5.l(rtexit2.o)
    0x00000144   0x00000006   Code   RO           27    .text               devcfg_main.o
    0x0000014a   0x00000002   PAD
    0x0000014c   0x00000060   Code   RO         1225    .text               c_5.l(sys_stackheap_outer.o)
    0x000001ac   0x0000000c   Code   RO         1227    .text               c_5.l(exit.o)
    0x000001b8   0x0000000c   Code   RO         1235    .text               c_5.l(libspace.o)
    0x000001c4   0x0000000c   Code   RO         1294    .text               c_5.l(sys_exit.o)
    0x000001d0   0x00000004   Code   RO         1305    .text               c_5.l(use_no_semi.o)
    0x000001d4   0x00000000   Code   RO         1307    .text               c_5.l(indicate_semi.o)


    Execution Region BSS_SEC (Base: 0x000001d4, Size: 0x00000060, Max: 0xffffffff, ABSOLUTE)

    Base Addr    Size         Type   Attr      Idx    E Section Name        Object

    0x000001d4   0x00000060   Zero   RW         1236    .bss                c_5.l(libspace.o)



  Load Region DEVCFG_DATA_SEG1 (Base: 0x0d20c000, Size: 0x00007278, Max: 0xffffffff, ABSOLUTE)

    Execution Region DEVCFG_DATA_RW (Base: 0x0d20c000, Size: 0x00007278, Max: 0xffffffff, ABSOLUTE)

    Base Addr    Size         Type   Attr      Idx    E Section Name        Object

    0x0d20c000   0x00000010   Data   RW            1    .data               devcfg_data.o
    0x0d20c010   0x000000d0   Data   RW           37    .data               DALConfig.lib(DALConfig_wcn.o)
    0x0d20c0e0   0x0000141c   Data   RW           38    .data               DALConfig.lib(DALConfig_wcn.o)
    0x0d20d4fc   0x00000008   Data   RW           39    .data               DALConfig.lib(DALConfig_wcn.o)
    0x0d20d504   0x000002d0   Data   RW           40    .data               DALConfig.lib(DALConfig_wcn.o)
    0x0d20d7d4   0x0000001c   Data   RW          158    .data               icb_cfg_lib.lib(ul_data.o)
    0x0d20d7f0   0x00000004   Data   RW          159    .data               icb_cfg_lib.lib(ul_data.o)
    0x0d20d7f4   0x00000004   Data   RW          160    .data               icb_cfg_lib.lib(ul_data.o)
    0x0d20d7f8   0x00000040   Data   RW          161    .data               icb_cfg_lib.lib(ul_data.o)
    0x0d20d838   0x00000018   Data   RW          162    .data               icb_cfg_lib.lib(ul_data.o)
    0x0d20d850   0x00000004   Data   RW          163    .data               icb_cfg_lib.lib(ul_data.o)
    0x0d20d854   0x00000004   Data   RW          164    .data               icb_cfg_lib.lib(ul_data.o)
    0x0d20d858   0x00000040   Data   RW          165    .data               icb_cfg_lib.lib(ul_data.o)
    0x0d20d898   0x00000018   Data   RW          166    .data               icb_cfg_lib.lib(ul_data.o)
    0x0d20d8b0   0x00000004   Data   RW          167    .data               icb_cfg_lib.lib(ul_data.o)
    0x0d20d8b4   0x00000004   Data   RW          168    .data               icb_cfg_lib.lib(ul_data.o)
    0x0d20d8b8   0x00000040   Data   RW          169    .data               icb_cfg_lib.lib(ul_data.o)
    0x0d20d8f8   0x00000028   Data   RW          170    .data               icb_cfg_lib.lib(ul_data.o)
    0x0d20d920   0x00000018   Data   RW          171    .data               icb_cfg_lib.lib(ul_data.o)
    0x0d20d938   0x00000004   Data   RW          172    .data               icb_cfg_lib.lib(ul_data.o)
    0x0d20d93c   0x00000004   Data   RW          173    .data               icb_cfg_lib.lib(ul_data.o)
    0x0d20d940   0x00000040   Data   RW          174    .data               icb_cfg_lib.lib(ul_data.o)
    0x0d20d980   0x00000004   Data   RW          175    .data               icb_cfg_lib.lib(ul_data.o)
    0x0d20d984   0x0000001c   Data   RW          176    .data               icb_cfg_lib.lib(ul_data.o)
    0x0d20d9a0   0x00000004   Data   RW          177    .data               icb_cfg_lib.lib(ul_data.o)
    0x0d20d9a4   0x0000001c   Data   RW          178    .data               icb_cfg_lib.lib(ul_data.o)
    0x0d20d9c0   0x00000004   Data   RW          179    .data               icb_cfg_lib.lib(ul_data.o)
    0x0d20d9c4   0x0000001c   Data   RW          180    .data               icb_cfg_lib.lib(ul_data.o)
    0x0d20d9e0   0x00000004   Data   RW          181    .data               icb_cfg_lib.lib(ul_data.o)
    0x0d20d9e4   0x0000001c   Data   RW          182    .data               icb_cfg_lib.lib(ul_data.o)
    0x0d20da00   0x00000004   Data   RW          183    .data               icb_cfg_lib.lib(ul_data.o)
    0x0d20da04   0x0000001c   Data   RW          184    .data               icb_cfg_lib.lib(ul_data.o)
    0x0d20da20   0x00000004   Data   RW          185    .data               icb_cfg_lib.lib(ul_data.o)
    0x0d20da24   0x0000001c   Data   RW          186    .data               icb_cfg_lib.lib(ul_data.o)
    0x0d20da40   0x00000004   Data   RW          187    .data               icb_cfg_lib.lib(ul_data.o)
    0x0d20da44   0x0000001c   Data   RW          188    .data               icb_cfg_lib.lib(ul_data.o)
    0x0d20da60   0x00000004   Data   RW          189    .data               icb_cfg_lib.lib(ul_data.o)
    0x0d20da64   0x0000001c   Data   RW          190    .data               icb_cfg_lib.lib(ul_data.o)
    0x0d20da80   0x00000004   Data   RW          191    .data               icb_cfg_lib.lib(ul_data.o)
    0x0d20da84   0x0000001c   Data   RW          192    .data               icb_cfg_lib.lib(ul_data.o)
    0x0d20daa0   0x00000004   Data   RW          193    .data               icb_cfg_lib.lib(ul_data.o)
    0x0d20daa4   0x0000001c   Data   RW          194    .data               icb_cfg_lib.lib(ul_data.o)
    0x0d20dac0   0x00000004   Data   RW          195    .data               icb_cfg_lib.lib(ul_data.o)
    0x0d20dac4   0x0000001c   Data   RW          196    .data               icb_cfg_lib.lib(ul_data.o)
    0x0d20dae0   0x00000004   Data   RW          197    .data               icb_cfg_lib.lib(ul_data.o)
    0x0d20dae4   0x0000001c   Data   RW          198    .data               icb_cfg_lib.lib(ul_data.o)
    0x0d20db00   0x00000004   Data   RW          199    .data               icb_cfg_lib.lib(ul_data.o)
    0x0d20db04   0x0000001c   Data   RW          200    .data               icb_cfg_lib.lib(ul_data.o)
    0x0d20db20   0x00000004   Data   RW          201    .data               icb_cfg_lib.lib(ul_data.o)
    0x0d20db24   0x0000001c   Data   RW          202    .data               icb_cfg_lib.lib(ul_data.o)
    0x0d20db40   0x00000004   Data   RW          203    .data               icb_cfg_lib.lib(ul_data.o)
    0x0d20db44   0x0000001c   Data   RW          204    .data               icb_cfg_lib.lib(ul_data.o)
    0x0d20db60   0x00000004   Data   RW          205    .data               icb_cfg_lib.lib(ul_data.o)
    0x0d20db64   0x0000001c   Data   RW          206    .data               icb_cfg_lib.lib(ul_data.o)
    0x0d20db80   0x00000004   Data   RW          207    .data               icb_cfg_lib.lib(ul_data.o)
    0x0d20db84   0x0000001c   Data   RW          208    .data               icb_cfg_lib.lib(ul_data.o)
    0x0d20dba0   0x00000004   Data   RW          209    .data               icb_cfg_lib.lib(ul_data.o)
    0x0d20dba4   0x0000001c   Data   RW          210    .data               icb_cfg_lib.lib(ul_data.o)
    0x0d20dbc0   0x00000004   Data   RW          211    .data               icb_cfg_lib.lib(ul_data.o)
    0x0d20dbc4   0x0000001c   Data   RW          212    .data               icb_cfg_lib.lib(ul_data.o)
    0x0d20dbe0   0x00000004   Data   RW          213    .data               icb_cfg_lib.lib(ul_data.o)
    0x0d20dbe4   0x0000001c   Data   RW          214    .data               icb_cfg_lib.lib(ul_data.o)
    0x0d20dc00   0x00000004   Data   RW          215    .data               icb_cfg_lib.lib(ul_data.o)
    0x0d20dc04   0x0000001c   Data   RW          216    .data               icb_cfg_lib.lib(ul_data.o)
    0x0d20dc20   0x00000004   Data   RW          217    .data               icb_cfg_lib.lib(ul_data.o)
    0x0d20dc24   0x0000001c   Data   RW          218    .data               icb_cfg_lib.lib(ul_data.o)
    0x0d20dc40   0x00000004   Data   RW          219    .data               icb_cfg_lib.lib(ul_data.o)
    0x0d20dc44   0x0000001c   Data   RW          220    .data               icb_cfg_lib.lib(ul_data.o)
    0x0d20dc60   0x00000004   Data   RW          221    .data               icb_cfg_lib.lib(ul_data.o)
    0x0d20dc64   0x00000020   Data   RW          222    .data               icb_cfg_lib.lib(ul_data.o)
    0x0d20dc84   0x00000004   Data   RW          223    .data               icb_cfg_lib.lib(ul_data.o)
    0x0d20dc88   0x00000020   Data   RW          224    .data               icb_cfg_lib.lib(ul_data.o)
    0x0d20dca8   0x00000004   Data   RW          225    .data               icb_cfg_lib.lib(ul_data.o)
    0x0d20dcac   0x00000020   Data   RW          226    .data               icb_cfg_lib.lib(ul_data.o)
    0x0d20dccc   0x00000004   Data   RW          227    .data               icb_cfg_lib.lib(ul_data.o)
    0x0d20dcd0   0x00000020   Data   RW          228    .data               icb_cfg_lib.lib(ul_data.o)
    0x0d20dcf0   0x00000004   Data   RW          229    .data               icb_cfg_lib.lib(ul_data.o)
    0x0d20dcf4   0x00000004   Data   RW          230    .data               icb_cfg_lib.lib(ul_data.o)
    0x0d20dcf8   0x00000020   Data   RW          231    .data               icb_cfg_lib.lib(ul_data.o)
    0x0d20dd18   0x00000004   Data   RW          232    .data               icb_cfg_lib.lib(ul_data.o)
    0x0d20dd1c   0x00000020   Data   RW          233    .data               icb_cfg_lib.lib(ul_data.o)
    0x0d20dd3c   0x00000004   Data   RW          234    .data               icb_cfg_lib.lib(ul_data.o)
    0x0d20dd40   0x00000020   Data   RW          235    .data               icb_cfg_lib.lib(ul_data.o)
    0x0d20dd60   0x00000004   Data   RW          236    .data               icb_cfg_lib.lib(ul_data.o)
    0x0d20dd64   0x00000020   Data   RW          237    .data               icb_cfg_lib.lib(ul_data.o)
    0x0d20dd84   0x00000004   Data   RW          238    .data               icb_cfg_lib.lib(ul_data.o)
    0x0d20dd88   0x00000020   Data   RW          239    .data               icb_cfg_lib.lib(ul_data.o)
    0x0d20dda8   0x00000004   Data   RW          240    .data               icb_cfg_lib.lib(ul_data.o)
    0x0d20ddac   0x00000004   Data   RW          241    .data               icb_cfg_lib.lib(ul_data.o)
    0x0d20ddb0   0x00000020   Data   RW          242    .data               icb_cfg_lib.lib(ul_data.o)
    0x0d20ddd0   0x00000004   Data   RW          243    .data               icb_cfg_lib.lib(ul_data.o)
    0x0d20ddd4   0x00000020   Data   RW          244    .data               icb_cfg_lib.lib(ul_data.o)
    0x0d20ddf4   0x00000004   Data   RW          245    .data               icb_cfg_lib.lib(ul_data.o)
    0x0d20ddf8   0x00000020   Data   RW          246    .data               icb_cfg_lib.lib(ul_data.o)
    0x0d20de18   0x00000004   Data   RW          247    .data               icb_cfg_lib.lib(ul_data.o)
    0x0d20de1c   0x00000020   Data   RW          248    .data               icb_cfg_lib.lib(ul_data.o)
    0x0d20de3c   0x00000004   Data   RW          249    .data               icb_cfg_lib.lib(ul_data.o)
    0x0d20de40   0x00000020   Data   RW          250    .data               icb_cfg_lib.lib(ul_data.o)
    0x0d20de60   0x00000004   Data   RW          251    .data               icb_cfg_lib.lib(ul_data.o)
    0x0d20de64   0x00000004   Data   RW          252    .data               icb_cfg_lib.lib(ul_data.o)
    0x0d20de68   0x00000020   Data   RW          253    .data               icb_cfg_lib.lib(ul_data.o)
    0x0d20de88   0x00000020   Data   RW          254    .data               icb_cfg_lib.lib(ul_data.o)
    0x0d20dea8   0x00000010   Data   RW          255    .data               icb_cfg_lib.lib(ul_data.o)
    0x0d20deb8   0x0000005c   Data   RW          256    .data               icb_cfg_lib.lib(ul_data.o)
    0x0d20df14   0x0000003c   Data   RW          257    .data               icb_cfg_lib.lib(ul_data.o)
    0x0d20df50   0x00000010   Data   RW          258    .data               icb_cfg_lib.lib(ul_data.o)
    0x0d20df60   0x0000000c   Data   RW          259    .data               icb_cfg_lib.lib(ul_data.o)
    0x0d20df6c   0x00000004   PAD
    0x0d20df70   0x00000060   Data   RW          260    .data               icb_cfg_lib.lib(ul_data.o)
    0x0d20dfd0   0x0000000c   Data   RW          261    .data               icb_cfg_lib.lib(ul_data.o)
    0x0d20dfdc   0x00000004   PAD
    0x0d20dfe0   0x00000068   Data   RW          262    .data               icb_cfg_lib.lib(ul_data.o)
    0x0d20e048   0x0000000c   Data   RW          263    .data               icb_cfg_lib.lib(ul_data.o)
    0x0d20e054   0x00000004   PAD
    0x0d20e058   0x00000068   Data   RW          264    .data               icb_cfg_lib.lib(ul_data.o)
    0x0d20e0c0   0x0000000c   Data   RW          265    .data               icb_cfg_lib.lib(ul_data.o)
    0x0d20e0cc   0x00000004   PAD
    0x0d20e0d0   0x00000060   Data   RW          266    .data               icb_cfg_lib.lib(ul_data.o)
    0x0d20e130   0x0000000c   Data   RW          267    .data               icb_cfg_lib.lib(ul_data.o)
    0x0d20e13c   0x00000004   PAD
    0x0d20e140   0x00000068   Data   RW          268    .data               icb_cfg_lib.lib(ul_data.o)
    0x0d20e1a8   0x0000000c   Data   RW          269    .data               icb_cfg_lib.lib(ul_data.o)
    0x0d20e1b4   0x00000004   PAD
    0x0d20e1b8   0x00000068   Data   RW          270    .data               icb_cfg_lib.lib(ul_data.o)
    0x0d20e220   0x0000000c   Data   RW          271    .data               icb_cfg_lib.lib(ul_data.o)
    0x0d20e22c   0x00000004   PAD
    0x0d20e230   0x00000068   Data   RW          272    .data               icb_cfg_lib.lib(ul_data.o)
    0x0d20e298   0x0000000c   Data   RW          273    .data               icb_cfg_lib.lib(ul_data.o)
    0x0d20e2a4   0x00000004   PAD
    0x0d20e2a8   0x00000068   Data   RW          274    .data               icb_cfg_lib.lib(ul_data.o)
    0x0d20e310   0x0000000c   Data   RW          275    .data               icb_cfg_lib.lib(ul_data.o)
    0x0d20e31c   0x00000004   PAD
    0x0d20e320   0x00000068   Data   RW          276    .data               icb_cfg_lib.lib(ul_data.o)
    0x0d20e388   0x0000000c   Data   RW          277    .data               icb_cfg_lib.lib(ul_data.o)
    0x0d20e394   0x00000004   PAD
    0x0d20e398   0x00000068   Data   RW          278    .data               icb_cfg_lib.lib(ul_data.o)
    0x0d20e400   0x0000000c   Data   RW          279    .data               icb_cfg_lib.lib(ul_data.o)
    0x0d20e40c   0x00000004   PAD
    0x0d20e410   0x00000060   Data   RW          280    .data               icb_cfg_lib.lib(ul_data.o)
    0x0d20e470   0x0000000c   Data   RW          281    .data               icb_cfg_lib.lib(ul_data.o)
    0x0d20e47c   0x00000004   PAD
    0x0d20e480   0x00000060   Data   RW          282    .data               icb_cfg_lib.lib(ul_data.o)
    0x0d20e4e0   0x0000000c   Data   RW          283    .data               icb_cfg_lib.lib(ul_data.o)
    0x0d20e4ec   0x00000004   PAD
    0x0d20e4f0   0x00000060   Data   RW          284    .data               icb_cfg_lib.lib(ul_data.o)
    0x0d20e550   0x0000000c   Data   RW          285    .data               icb_cfg_lib.lib(ul_data.o)
    0x0d20e55c   0x00000004   PAD
    0x0d20e560   0x00000060   Data   RW          286    .data               icb_cfg_lib.lib(ul_data.o)
    0x0d20e5c0   0x0000000c   Data   RW          287    .data               icb_cfg_lib.lib(ul_data.o)
    0x0d20e5cc   0x00000004   PAD
    0x0d20e5d0   0x00000060   Data   RW          288    .data               icb_cfg_lib.lib(ul_data.o)
    0x0d20e630   0x0000000c   Data   RW          289    .data               icb_cfg_lib.lib(ul_data.o)
    0x0d20e63c   0x00000004   PAD
    0x0d20e640   0x00000060   Data   RW          290    .data               icb_cfg_lib.lib(ul_data.o)
    0x0d20e6a0   0x0000000c   Data   RW          291    .data               icb_cfg_lib.lib(ul_data.o)
    0x0d20e6ac   0x00000004   PAD
    0x0d20e6b0   0x00000060   Data   RW          292    .data               icb_cfg_lib.lib(ul_data.o)
    0x0d20e710   0x0000000c   Data   RW          293    .data               icb_cfg_lib.lib(ul_data.o)
    0x0d20e71c   0x00000004   PAD
    0x0d20e720   0x00000060   Data   RW          294    .data               icb_cfg_lib.lib(ul_data.o)
    0x0d20e780   0x0000000c   Data   RW          295    .data               icb_cfg_lib.lib(ul_data.o)
    0x0d20e78c   0x00000004   PAD
    0x0d20e790   0x00000060   Data   RW          296    .data               icb_cfg_lib.lib(ul_data.o)
    0x0d20e7f0   0x0000000c   Data   RW          297    .data               icb_cfg_lib.lib(ul_data.o)
    0x0d20e7fc   0x00000004   PAD
    0x0d20e800   0x00000068   Data   RW          298    .data               icb_cfg_lib.lib(ul_data.o)
    0x0d20e868   0x0000000c   Data   RW          299    .data               icb_cfg_lib.lib(ul_data.o)
    0x0d20e874   0x00000004   PAD
    0x0d20e878   0x00000068   Data   RW          300    .data               icb_cfg_lib.lib(ul_data.o)
    0x0d20e8e0   0x0000000c   Data   RW          301    .data               icb_cfg_lib.lib(ul_data.o)
    0x0d20e8ec   0x00000004   PAD
    0x0d20e8f0   0x00000068   Data   RW          302    .data               icb_cfg_lib.lib(ul_data.o)
    0x0d20e958   0x0000000c   Data   RW          303    .data               icb_cfg_lib.lib(ul_data.o)
    0x0d20e964   0x00000004   PAD
    0x0d20e968   0x00000068   Data   RW          304    .data               icb_cfg_lib.lib(ul_data.o)
    0x0d20e9d0   0x0000000c   Data   RW          305    .data               icb_cfg_lib.lib(ul_data.o)
    0x0d20e9dc   0x00000004   PAD
    0x0d20e9e0   0x00000068   Data   RW          306    .data               icb_cfg_lib.lib(ul_data.o)
    0x0d20ea48   0x0000000c   Data   RW          307    .data               icb_cfg_lib.lib(ul_data.o)
    0x0d20ea54   0x00000004   PAD
    0x0d20ea58   0x00000068   Data   RW          308    .data               icb_cfg_lib.lib(ul_data.o)
    0x0d20eac0   0x0000000c   Data   RW          309    .data               icb_cfg_lib.lib(ul_data.o)
    0x0d20eacc   0x00000004   PAD
    0x0d20ead0   0x00000068   Data   RW          310    .data               icb_cfg_lib.lib(ul_data.o)
    0x0d20eb38   0x0000000c   Data   RW          311    .data               icb_cfg_lib.lib(ul_data.o)
    0x0d20eb44   0x00000004   PAD
    0x0d20eb48   0x00000068   Data   RW          312    .data               icb_cfg_lib.lib(ul_data.o)
    0x0d20ebb0   0x0000000c   Data   RW          313    .data               icb_cfg_lib.lib(ul_data.o)
    0x0d20ebbc   0x00000004   PAD
    0x0d20ebc0   0x00000068   Data   RW          314    .data               icb_cfg_lib.lib(ul_data.o)
    0x0d20ec28   0x0000000c   Data   RW          315    .data               icb_cfg_lib.lib(ul_data.o)
    0x0d20ec34   0x00000004   PAD
    0x0d20ec38   0x00000068   Data   RW          316    .data               icb_cfg_lib.lib(ul_data.o)
    0x0d20eca0   0x0000000c   Data   RW          317    .data               icb_cfg_lib.lib(ul_data.o)
    0x0d20ecac   0x00000004   PAD
    0x0d20ecb0   0x00000060   Data   RW          318    .data               icb_cfg_lib.lib(ul_data.o)
    0x0d20ed10   0x0000000c   Data   RW          319    .data               icb_cfg_lib.lib(ul_data.o)
    0x0d20ed1c   0x00000004   PAD
    0x0d20ed20   0x00000060   Data   RW          320    .data               icb_cfg_lib.lib(ul_data.o)
    0x0d20ed80   0x0000000c   Data   RW          321    .data               icb_cfg_lib.lib(ul_data.o)
    0x0d20ed8c   0x00000004   PAD
    0x0d20ed90   0x00000060   Data   RW          322    .data               icb_cfg_lib.lib(ul_data.o)
    0x0d20edf0   0x0000000c   Data   RW          323    .data               icb_cfg_lib.lib(ul_data.o)
    0x0d20edfc   0x00000004   PAD
    0x0d20ee00   0x00000060   Data   RW          324    .data               icb_cfg_lib.lib(ul_data.o)
    0x0d20ee60   0x0000000c   Data   RW          325    .data               icb_cfg_lib.lib(ul_data.o)
    0x0d20ee6c   0x00000004   PAD
    0x0d20ee70   0x00000068   Data   RW          326    .data               icb_cfg_lib.lib(ul_data.o)
    0x0d20eed8   0x0000000c   Data   RW          327    .data               icb_cfg_lib.lib(ul_data.o)
    0x0d20eee4   0x00000004   PAD
    0x0d20eee8   0x00000068   Data   RW          328    .data               icb_cfg_lib.lib(ul_data.o)
    0x0d20ef50   0x0000000c   Data   RW          329    .data               icb_cfg_lib.lib(ul_data.o)
    0x0d20ef5c   0x00000004   PAD
    0x0d20ef60   0x00000068   Data   RW          330    .data               icb_cfg_lib.lib(ul_data.o)
    0x0d20efc8   0x0000000c   Data   RW          331    .data               icb_cfg_lib.lib(ul_data.o)
    0x0d20efd4   0x00000004   PAD
    0x0d20efd8   0x00000068   Data   RW          332    .data               icb_cfg_lib.lib(ul_data.o)
    0x0d20f040   0x0000000c   Data   RW          333    .data               icb_cfg_lib.lib(ul_data.o)
    0x0d20f04c   0x00000004   PAD
    0x0d20f050   0x00000068   Data   RW          334    .data               icb_cfg_lib.lib(ul_data.o)
    0x0d20f0b8   0x00000008   Data   RW          335    .data               icb_cfg_lib.lib(ul_data.o)
    0x0d20f0c0   0x00000008   Data   RW          336    .data               icb_cfg_lib.lib(ul_data.o)
    0x0d20f0c8   0x00000018   Data   RW          337    .data               icb_cfg_lib.lib(ul_data.o)
    0x0d20f0e0   0x00000008   Data   RW          338    .data               icb_cfg_lib.lib(ul_data.o)
    0x0d20f0e8   0x00000018   Data   RW          339    .data               icb_cfg_lib.lib(ul_data.o)
    0x0d20f100   0x00000008   Data   RW          340    .data               icb_cfg_lib.lib(ul_data.o)
    0x0d20f108   0x00000010   Data   RW          341    .data               icb_cfg_lib.lib(ul_data.o)
    0x0d20f118   0x00000008   Data   RW          342    .data               icb_cfg_lib.lib(ul_data.o)
    0x0d20f120   0x00000018   Data   RW          343    .data               icb_cfg_lib.lib(ul_data.o)
    0x0d20f138   0x00000008   Data   RW          344    .data               icb_cfg_lib.lib(ul_data.o)
    0x0d20f140   0x00000010   Data   RW          345    .data               icb_cfg_lib.lib(ul_data.o)
    0x0d20f150   0x00000008   Data   RW          346    .data               icb_cfg_lib.lib(ul_data.o)
    0x0d20f158   0x00000018   Data   RW          347    .data               icb_cfg_lib.lib(ul_data.o)
    0x0d20f170   0x00000008   Data   RW          348    .data               icb_cfg_lib.lib(ul_data.o)
    0x0d20f178   0x00000008   Data   RW          349    .data               icb_cfg_lib.lib(ul_data.o)
    0x0d20f180   0x00000008   Data   RW          350    .data               icb_cfg_lib.lib(ul_data.o)
    0x0d20f188   0x00000008   Data   RW          351    .data               icb_cfg_lib.lib(ul_data.o)
    0x0d20f190   0x00000008   Data   RW          352    .data               icb_cfg_lib.lib(ul_data.o)
    0x0d20f198   0x00000008   Data   RW          353    .data               icb_cfg_lib.lib(ul_data.o)
    0x0d20f1a0   0x00000008   Data   RW          354    .data               icb_cfg_lib.lib(ul_data.o)
    0x0d20f1a8   0x00000018   Data   RW          355    .data               icb_cfg_lib.lib(ul_data.o)
    0x0d20f1c0   0x00000008   Data   RW          356    .data               icb_cfg_lib.lib(ul_data.o)
    0x0d20f1c8   0x00000008   Data   RW          357    .data               icb_cfg_lib.lib(ul_data.o)
    0x0d20f1d0   0x00000008   Data   RW          358    .data               icb_cfg_lib.lib(ul_data.o)
    0x0d20f1d8   0x00000008   Data   RW          359    .data               icb_cfg_lib.lib(ul_data.o)
    0x0d20f1e0   0x00000008   Data   RW          360    .data               icb_cfg_lib.lib(ul_data.o)
    0x0d20f1e8   0x00000008   Data   RW          361    .data               icb_cfg_lib.lib(ul_data.o)
    0x0d20f1f0   0x00000008   Data   RW          362    .data               icb_cfg_lib.lib(ul_data.o)
    0x0d20f1f8   0x00000018   Data   RW          363    .data               icb_cfg_lib.lib(ul_data.o)
    0x0d20f210   0x00000008   Data   RW          364    .data               icb_cfg_lib.lib(ul_data.o)
    0x0d20f218   0x00000018   Data   RW          365    .data               icb_cfg_lib.lib(ul_data.o)
    0x0d20f230   0x00000008   Data   RW          366    .data               icb_cfg_lib.lib(ul_data.o)
    0x0d20f238   0x00000010   Data   RW          367    .data               icb_cfg_lib.lib(ul_data.o)
    0x0d20f248   0x00000008   Data   RW          368    .data               icb_cfg_lib.lib(ul_data.o)
    0x0d20f250   0x00000018   Data   RW          369    .data               icb_cfg_lib.lib(ul_data.o)
    0x0d20f268   0x00000008   Data   RW          370    .data               icb_cfg_lib.lib(ul_data.o)
    0x0d20f270   0x00000010   Data   RW          371    .data               icb_cfg_lib.lib(ul_data.o)
    0x0d20f280   0x00000008   Data   RW          372    .data               icb_cfg_lib.lib(ul_data.o)
    0x0d20f288   0x00000018   Data   RW          373    .data               icb_cfg_lib.lib(ul_data.o)
    0x0d20f2a0   0x00000008   Data   RW          374    .data               icb_cfg_lib.lib(ul_data.o)
    0x0d20f2a8   0x00000008   Data   RW          375    .data               icb_cfg_lib.lib(ul_data.o)
    0x0d20f2b0   0x00000008   Data   RW          376    .data               icb_cfg_lib.lib(ul_data.o)
    0x0d20f2b8   0x00000008   Data   RW          377    .data               icb_cfg_lib.lib(ul_data.o)
    0x0d20f2c0   0x00000008   Data   RW          378    .data               icb_cfg_lib.lib(ul_data.o)
    0x0d20f2c8   0x00000008   Data   RW          379    .data               icb_cfg_lib.lib(ul_data.o)
    0x0d20f2d0   0x00000008   Data   RW          380    .data               icb_cfg_lib.lib(ul_data.o)
    0x0d20f2d8   0x00000018   Data   RW          381    .data               icb_cfg_lib.lib(ul_data.o)
    0x0d20f2f0   0x00000008   Data   RW          382    .data               icb_cfg_lib.lib(ul_data.o)
    0x0d20f2f8   0x00000008   Data   RW          383    .data               icb_cfg_lib.lib(ul_data.o)
    0x0d20f300   0x00000008   Data   RW          384    .data               icb_cfg_lib.lib(ul_data.o)
    0x0d20f308   0x00000008   Data   RW          385    .data               icb_cfg_lib.lib(ul_data.o)
    0x0d20f310   0x00000008   Data   RW          386    .data               icb_cfg_lib.lib(ul_data.o)
    0x0d20f318   0x00000008   Data   RW          387    .data               icb_cfg_lib.lib(ul_data.o)
    0x0d20f320   0x00000008   Data   RW          388    .data               icb_cfg_lib.lib(ul_data.o)
    0x0d20f328   0x00000008   Data   RW          389    .data               icb_cfg_lib.lib(ul_data.o)
    0x0d20f330   0x00000008   Data   RW          390    .data               icb_cfg_lib.lib(ul_data.o)
    0x0d20f338   0x00000018   Data   RW          391    .data               icb_cfg_lib.lib(ul_data.o)
    0x0d20f350   0x00000008   Data   RW          392    .data               icb_cfg_lib.lib(ul_data.o)
    0x0d20f358   0x00000018   Data   RW          393    .data               icb_cfg_lib.lib(ul_data.o)
    0x0d20f370   0x00000008   Data   RW          394    .data               icb_cfg_lib.lib(ul_data.o)
    0x0d20f378   0x00000010   Data   RW          395    .data               icb_cfg_lib.lib(ul_data.o)
    0x0d20f388   0x00000008   Data   RW          396    .data               icb_cfg_lib.lib(ul_data.o)
    0x0d20f390   0x00000018   Data   RW          397    .data               icb_cfg_lib.lib(ul_data.o)
    0x0d20f3a8   0x00000008   Data   RW          398    .data               icb_cfg_lib.lib(ul_data.o)
    0x0d20f3b0   0x00000010   Data   RW          399    .data               icb_cfg_lib.lib(ul_data.o)
    0x0d20f3c0   0x00000008   Data   RW          400    .data               icb_cfg_lib.lib(ul_data.o)
    0x0d20f3c8   0x00000018   Data   RW          401    .data               icb_cfg_lib.lib(ul_data.o)
    0x0d20f3e0   0x00000008   Data   RW          402    .data               icb_cfg_lib.lib(ul_data.o)
    0x0d20f3e8   0x00000008   Data   RW          403    .data               icb_cfg_lib.lib(ul_data.o)
    0x0d20f3f0   0x00000008   Data   RW          404    .data               icb_cfg_lib.lib(ul_data.o)
    0x0d20f3f8   0x00000008   Data   RW          405    .data               icb_cfg_lib.lib(ul_data.o)
    0x0d20f400   0x00000008   Data   RW          406    .data               icb_cfg_lib.lib(ul_data.o)
    0x0d20f408   0x00000018   Data   RW          407    .data               icb_cfg_lib.lib(ul_data.o)
    0x0d20f420   0x00000008   Data   RW          408    .data               icb_cfg_lib.lib(ul_data.o)
    0x0d20f428   0x00000008   Data   RW          409    .data               icb_cfg_lib.lib(ul_data.o)
    0x0d20f430   0x00000008   Data   RW          410    .data               icb_cfg_lib.lib(ul_data.o)
    0x0d20f438   0x00000008   Data   RW          411    .data               icb_cfg_lib.lib(ul_data.o)
    0x0d20f440   0x00000008   Data   RW          412    .data               icb_cfg_lib.lib(ul_data.o)
    0x0d20f448   0x00000008   Data   RW          413    .data               icb_cfg_lib.lib(ul_data.o)
    0x0d20f450   0x00000008   Data   RW          414    .data               icb_cfg_lib.lib(ul_data.o)
    0x0d20f458   0x00000008   Data   RW          415    .data               icb_cfg_lib.lib(ul_data.o)
    0x0d20f460   0x00000008   Data   RW          416    .data               icb_cfg_lib.lib(ul_data.o)
    0x0d20f468   0x00000018   Data   RW          417    .data               icb_cfg_lib.lib(ul_data.o)
    0x0d20f480   0x00000008   Data   RW          418    .data               icb_cfg_lib.lib(ul_data.o)
    0x0d20f488   0x00000018   Data   RW          419    .data               icb_cfg_lib.lib(ul_data.o)
    0x0d20f4a0   0x00000008   Data   RW          420    .data               icb_cfg_lib.lib(ul_data.o)
    0x0d20f4a8   0x00000010   Data   RW          421    .data               icb_cfg_lib.lib(ul_data.o)
    0x0d20f4b8   0x00000008   Data   RW          422    .data               icb_cfg_lib.lib(ul_data.o)
    0x0d20f4c0   0x00000018   Data   RW          423    .data               icb_cfg_lib.lib(ul_data.o)
    0x0d20f4d8   0x00000008   Data   RW          424    .data               icb_cfg_lib.lib(ul_data.o)
    0x0d20f4e0   0x00000010   Data   RW          425    .data               icb_cfg_lib.lib(ul_data.o)
    0x0d20f4f0   0x00000008   Data   RW          426    .data               icb_cfg_lib.lib(ul_data.o)
    0x0d20f4f8   0x00000018   Data   RW          427    .data               icb_cfg_lib.lib(ul_data.o)
    0x0d20f510   0x00000008   Data   RW          428    .data               icb_cfg_lib.lib(ul_data.o)
    0x0d20f518   0x00000008   Data   RW          429    .data               icb_cfg_lib.lib(ul_data.o)
    0x0d20f520   0x00000008   Data   RW          430    .data               icb_cfg_lib.lib(ul_data.o)
    0x0d20f528   0x00000008   Data   RW          431    .data               icb_cfg_lib.lib(ul_data.o)
    0x0d20f530   0x00000008   Data   RW          432    .data               icb_cfg_lib.lib(ul_data.o)
    0x0d20f538   0x00000018   Data   RW          433    .data               icb_cfg_lib.lib(ul_data.o)
    0x0d20f550   0x00000008   Data   RW          434    .data               icb_cfg_lib.lib(ul_data.o)
    0x0d20f558   0x00000008   Data   RW          435    .data               icb_cfg_lib.lib(ul_data.o)
    0x0d20f560   0x00000008   Data   RW          436    .data               icb_cfg_lib.lib(ul_data.o)
    0x0d20f568   0x00000008   Data   RW          437    .data               icb_cfg_lib.lib(ul_data.o)
    0x0d20f570   0x00000008   Data   RW          438    .data               icb_cfg_lib.lib(ul_data.o)
    0x0d20f578   0x00000008   Data   RW          439    .data               icb_cfg_lib.lib(ul_data.o)
    0x0d20f580   0x00000008   Data   RW          440    .data               icb_cfg_lib.lib(ul_data.o)
    0x0d20f588   0x00000008   Data   RW          441    .data               icb_cfg_lib.lib(ul_data.o)
    0x0d20f590   0x00000008   Data   RW          442    .data               icb_cfg_lib.lib(ul_data.o)
    0x0d20f598   0x00000018   Data   RW          443    .data               icb_cfg_lib.lib(ul_data.o)
    0x0d20f5b0   0x00000008   Data   RW          444    .data               icb_cfg_lib.lib(ul_data.o)
    0x0d20f5b8   0x00000018   Data   RW          445    .data               icb_cfg_lib.lib(ul_data.o)
    0x0d20f5d0   0x00000008   Data   RW          446    .data               icb_cfg_lib.lib(ul_data.o)
    0x0d20f5d8   0x00000010   Data   RW          447    .data               icb_cfg_lib.lib(ul_data.o)
    0x0d20f5e8   0x00000008   Data   RW          448    .data               icb_cfg_lib.lib(ul_data.o)
    0x0d20f5f0   0x00000018   Data   RW          449    .data               icb_cfg_lib.lib(ul_data.o)
    0x0d20f608   0x00000008   Data   RW          450    .data               icb_cfg_lib.lib(ul_data.o)
    0x0d20f610   0x00000010   Data   RW          451    .data               icb_cfg_lib.lib(ul_data.o)
    0x0d20f620   0x00000008   Data   RW          452    .data               icb_cfg_lib.lib(ul_data.o)
    0x0d20f628   0x00000018   Data   RW          453    .data               icb_cfg_lib.lib(ul_data.o)
    0x0d20f640   0x00000008   Data   RW          454    .data               icb_cfg_lib.lib(ul_data.o)
    0x0d20f648   0x00000008   Data   RW          455    .data               icb_cfg_lib.lib(ul_data.o)
    0x0d20f650   0x00000008   Data   RW          456    .data               icb_cfg_lib.lib(ul_data.o)
    0x0d20f658   0x00000008   Data   RW          457    .data               icb_cfg_lib.lib(ul_data.o)
    0x0d20f660   0x00000008   Data   RW          458    .data               icb_cfg_lib.lib(ul_data.o)
    0x0d20f668   0x00000018   Data   RW          459    .data               icb_cfg_lib.lib(ul_data.o)
    0x0d20f680   0x00000008   Data   RW          460    .data               icb_cfg_lib.lib(ul_data.o)
    0x0d20f688   0x00000008   Data   RW          461    .data               icb_cfg_lib.lib(ul_data.o)
    0x0d20f690   0x00000008   Data   RW          462    .data               icb_cfg_lib.lib(ul_data.o)
    0x0d20f698   0x00000008   Data   RW          463    .data               icb_cfg_lib.lib(ul_data.o)
    0x0d20f6a0   0x00000008   Data   RW          464    .data               icb_cfg_lib.lib(ul_data.o)
    0x0d20f6a8   0x00000008   Data   RW          465    .data               icb_cfg_lib.lib(ul_data.o)
    0x0d20f6b0   0x00000008   Data   RW          466    .data               icb_cfg_lib.lib(ul_data.o)
    0x0d20f6b8   0x00000008   Data   RW          467    .data               icb_cfg_lib.lib(ul_data.o)
    0x0d20f6c0   0x00000008   Data   RW          468    .data               icb_cfg_lib.lib(ul_data.o)
    0x0d20f6c8   0x00000018   Data   RW          469    .data               icb_cfg_lib.lib(ul_data.o)
    0x0d20f6e0   0x00000008   Data   RW          470    .data               icb_cfg_lib.lib(ul_data.o)
    0x0d20f6e8   0x00000008   Data   RW          471    .data               icb_cfg_lib.lib(ul_data.o)
    0x0d20f6f0   0x00000008   Data   RW          472    .data               icb_cfg_lib.lib(ul_data.o)
    0x0d20f6f8   0x00000008   Data   RW          473    .data               icb_cfg_lib.lib(ul_data.o)
    0x0d20f700   0x00000008   Data   RW          474    .data               icb_cfg_lib.lib(ul_data.o)
    0x0d20f708   0x00000018   Data   RW          475    .data               icb_cfg_lib.lib(ul_data.o)
    0x0d20f720   0x00000008   Data   RW          476    .data               icb_cfg_lib.lib(ul_data.o)
    0x0d20f728   0x00000018   Data   RW          477    .data               icb_cfg_lib.lib(ul_data.o)
    0x0d20f740   0x00000008   Data   RW          478    .data               icb_cfg_lib.lib(ul_data.o)
    0x0d20f748   0x00000010   Data   RW          479    .data               icb_cfg_lib.lib(ul_data.o)
    0x0d20f758   0x00000008   Data   RW          480    .data               icb_cfg_lib.lib(ul_data.o)
    0x0d20f760   0x00000018   Data   RW          481    .data               icb_cfg_lib.lib(ul_data.o)
    0x0d20f778   0x00000008   Data   RW          482    .data               icb_cfg_lib.lib(ul_data.o)
    0x0d20f780   0x00000010   Data   RW          483    .data               icb_cfg_lib.lib(ul_data.o)
    0x0d20f790   0x00000008   Data   RW          484    .data               icb_cfg_lib.lib(ul_data.o)
    0x0d20f798   0x00000018   Data   RW          485    .data               icb_cfg_lib.lib(ul_data.o)
    0x0d20f7b0   0x00000008   Data   RW          486    .data               icb_cfg_lib.lib(ul_data.o)
    0x0d20f7b8   0x00000008   Data   RW          487    .data               icb_cfg_lib.lib(ul_data.o)
    0x0d20f7c0   0x00000008   Data   RW          488    .data               icb_cfg_lib.lib(ul_data.o)
    0x0d20f7c8   0x00000008   Data   RW          489    .data               icb_cfg_lib.lib(ul_data.o)
    0x0d20f7d0   0x00000008   Data   RW          490    .data               icb_cfg_lib.lib(ul_data.o)
    0x0d20f7d8   0x00000008   Data   RW          491    .data               icb_cfg_lib.lib(ul_data.o)
    0x0d20f7e0   0x00000008   Data   RW          492    .data               icb_cfg_lib.lib(ul_data.o)
    0x0d20f7e8   0x00000018   Data   RW          493    .data               icb_cfg_lib.lib(ul_data.o)
    0x0d20f800   0x00000008   Data   RW          494    .data               icb_cfg_lib.lib(ul_data.o)
    0x0d20f808   0x00000008   Data   RW          495    .data               icb_cfg_lib.lib(ul_data.o)
    0x0d20f810   0x00000008   Data   RW          496    .data               icb_cfg_lib.lib(ul_data.o)
    0x0d20f818   0x00000018   Data   RW          497    .data               icb_cfg_lib.lib(ul_data.o)
    0x0d20f830   0x00000008   Data   RW          498    .data               icb_cfg_lib.lib(ul_data.o)
    0x0d20f838   0x00000010   Data   RW          499    .data               icb_cfg_lib.lib(ul_data.o)
    0x0d20f848   0x00000008   Data   RW          500    .data               icb_cfg_lib.lib(ul_data.o)
    0x0d20f850   0x00000018   Data   RW          501    .data               icb_cfg_lib.lib(ul_data.o)
    0x0d20f868   0x00000008   Data   RW          502    .data               icb_cfg_lib.lib(ul_data.o)
    0x0d20f870   0x00000010   Data   RW          503    .data               icb_cfg_lib.lib(ul_data.o)
    0x0d20f880   0x00000008   Data   RW          504    .data               icb_cfg_lib.lib(ul_data.o)
    0x0d20f888   0x00000018   Data   RW          505    .data               icb_cfg_lib.lib(ul_data.o)
    0x0d20f8a0   0x00000008   Data   RW          506    .data               icb_cfg_lib.lib(ul_data.o)
    0x0d20f8a8   0x00000008   Data   RW          507    .data               icb_cfg_lib.lib(ul_data.o)
    0x0d20f8b0   0x00000008   Data   RW          508    .data               icb_cfg_lib.lib(ul_data.o)
    0x0d20f8b8   0x00000008   Data   RW          509    .data               icb_cfg_lib.lib(ul_data.o)
    0x0d20f8c0   0x00000008   Data   RW          510    .data               icb_cfg_lib.lib(ul_data.o)
    0x0d20f8c8   0x00000008   Data   RW          511    .data               icb_cfg_lib.lib(ul_data.o)
    0x0d20f8d0   0x00000008   Data   RW          512    .data               icb_cfg_lib.lib(ul_data.o)
    0x0d20f8d8   0x00000018   Data   RW          513    .data               icb_cfg_lib.lib(ul_data.o)
    0x0d20f8f0   0x00000008   Data   RW          514    .data               icb_cfg_lib.lib(ul_data.o)
    0x0d20f8f8   0x00000008   Data   RW          515    .data               icb_cfg_lib.lib(ul_data.o)
    0x0d20f900   0x00000008   Data   RW          516    .data               icb_cfg_lib.lib(ul_data.o)
    0x0d20f908   0x00000010   Data   RW          517    .data               icb_cfg_lib.lib(ul_data.o)
    0x0d20f918   0x00000008   Data   RW          518    .data               icb_cfg_lib.lib(ul_data.o)
    0x0d20f920   0x00000010   Data   RW          519    .data               icb_cfg_lib.lib(ul_data.o)
    0x0d20f930   0x00000008   Data   RW          520    .data               icb_cfg_lib.lib(ul_data.o)
    0x0d20f938   0x00000010   Data   RW          521    .data               icb_cfg_lib.lib(ul_data.o)
    0x0d20f948   0x00000008   Data   RW          522    .data               icb_cfg_lib.lib(ul_data.o)
    0x0d20f950   0x00000010   Data   RW          523    .data               icb_cfg_lib.lib(ul_data.o)
    0x0d20f960   0x00000008   Data   RW          524    .data               icb_cfg_lib.lib(ul_data.o)
    0x0d20f968   0x00000008   Data   RW          525    .data               icb_cfg_lib.lib(ul_data.o)
    0x0d20f970   0x00000008   Data   RW          526    .data               icb_cfg_lib.lib(ul_data.o)
    0x0d20f978   0x00000010   Data   RW          527    .data               icb_cfg_lib.lib(ul_data.o)
    0x0d20f988   0x00000008   Data   RW          528    .data               icb_cfg_lib.lib(ul_data.o)
    0x0d20f990   0x00000010   Data   RW          529    .data               icb_cfg_lib.lib(ul_data.o)
    0x0d20f9a0   0x00000008   Data   RW          530    .data               icb_cfg_lib.lib(ul_data.o)
    0x0d20f9a8   0x00000010   Data   RW          531    .data               icb_cfg_lib.lib(ul_data.o)
    0x0d20f9b8   0x00000008   Data   RW          532    .data               icb_cfg_lib.lib(ul_data.o)
    0x0d20f9c0   0x00000008   Data   RW          533    .data               icb_cfg_lib.lib(ul_data.o)
    0x0d20f9c8   0x00000008   Data   RW          534    .data               icb_cfg_lib.lib(ul_data.o)
    0x0d20f9d0   0x00000010   Data   RW          535    .data               icb_cfg_lib.lib(ul_data.o)
    0x0d20f9e0   0x00000008   Data   RW          536    .data               icb_cfg_lib.lib(ul_data.o)
    0x0d20f9e8   0x00000010   Data   RW          537    .data               icb_cfg_lib.lib(ul_data.o)
    0x0d20f9f8   0x00000008   Data   RW          538    .data               icb_cfg_lib.lib(ul_data.o)
    0x0d20fa00   0x00000010   Data   RW          539    .data               icb_cfg_lib.lib(ul_data.o)
    0x0d20fa10   0x00000008   Data   RW          540    .data               icb_cfg_lib.lib(ul_data.o)
    0x0d20fa18   0x00000010   Data   RW          541    .data               icb_cfg_lib.lib(ul_data.o)
    0x0d20fa28   0x00000008   Data   RW          542    .data               icb_cfg_lib.lib(ul_data.o)
    0x0d20fa30   0x00000010   Data   RW          543    .data               icb_cfg_lib.lib(ul_data.o)
    0x0d20fa40   0x00000008   Data   RW          544    .data               icb_cfg_lib.lib(ul_data.o)
    0x0d20fa48   0x00000010   Data   RW          545    .data               icb_cfg_lib.lib(ul_data.o)
    0x0d20fa58   0x00000008   Data   RW          546    .data               icb_cfg_lib.lib(ul_data.o)
    0x0d20fa60   0x00000010   Data   RW          547    .data               icb_cfg_lib.lib(ul_data.o)
    0x0d20fa70   0x00000008   Data   RW          548    .data               icb_cfg_lib.lib(ul_data.o)
    0x0d20fa78   0x00000018   Data   RW          549    .data               icb_cfg_lib.lib(ul_data.o)
    0x0d20fa90   0x00000018   Data   RW          550    .data               icb_cfg_lib.lib(ul_data.o)
    0x0d20faa8   0x00000018   Data   RW          551    .data               icb_cfg_lib.lib(ul_data.o)
    0x0d20fac0   0x00000018   Data   RW          552    .data               icb_cfg_lib.lib(ul_data.o)
    0x0d20fad8   0x00000018   Data   RW          553    .data               icb_cfg_lib.lib(ul_data.o)
    0x0d20faf0   0x00000018   Data   RW          554    .data               icb_cfg_lib.lib(ul_data.o)
    0x0d20fb08   0x00000018   Data   RW          555    .data               icb_cfg_lib.lib(ul_data.o)
    0x0d20fb20   0x00000018   Data   RW          556    .data               icb_cfg_lib.lib(ul_data.o)
    0x0d20fb38   0x00000018   Data   RW          557    .data               icb_cfg_lib.lib(ul_data.o)
    0x0d20fb50   0x00000018   Data   RW          558    .data               icb_cfg_lib.lib(ul_data.o)
    0x0d20fb68   0x00000018   Data   RW          559    .data               icb_cfg_lib.lib(ul_data.o)
    0x0d20fb80   0x00000018   Data   RW          560    .data               icb_cfg_lib.lib(ul_data.o)
    0x0d20fb98   0x00000018   Data   RW          561    .data               icb_cfg_lib.lib(ul_data.o)
    0x0d20fbb0   0x00000018   Data   RW          562    .data               icb_cfg_lib.lib(ul_data.o)
    0x0d20fbc8   0x00000018   Data   RW          563    .data               icb_cfg_lib.lib(ul_data.o)
    0x0d20fbe0   0x00000018   Data   RW          564    .data               icb_cfg_lib.lib(ul_data.o)
    0x0d20fbf8   0x00000018   Data   RW          565    .data               icb_cfg_lib.lib(ul_data.o)
    0x0d20fc10   0x00000018   Data   RW          566    .data               icb_cfg_lib.lib(ul_data.o)
    0x0d20fc28   0x00000018   Data   RW          567    .data               icb_cfg_lib.lib(ul_data.o)
    0x0d20fc40   0x00000018   Data   RW          568    .data               icb_cfg_lib.lib(ul_data.o)
    0x0d20fc58   0x00000018   Data   RW          569    .data               icb_cfg_lib.lib(ul_data.o)
    0x0d20fc70   0x00000018   Data   RW          570    .data               icb_cfg_lib.lib(ul_data.o)
    0x0d20fc88   0x00000018   Data   RW          571    .data               icb_cfg_lib.lib(ul_data.o)
    0x0d20fca0   0x00000018   Data   RW          572    .data               icb_cfg_lib.lib(ul_data.o)
    0x0d20fcb8   0x00000018   Data   RW          573    .data               icb_cfg_lib.lib(ul_data.o)
    0x0d20fcd0   0x00000018   Data   RW          574    .data               icb_cfg_lib.lib(ul_data.o)
    0x0d20fce8   0x00000018   Data   RW          575    .data               icb_cfg_lib.lib(ul_data.o)
    0x0d20fd00   0x00000018   Data   RW          576    .data               icb_cfg_lib.lib(ul_data.o)
    0x0d20fd18   0x00000018   Data   RW          577    .data               icb_cfg_lib.lib(ul_data.o)
    0x0d20fd30   0x00000018   Data   RW          578    .data               icb_cfg_lib.lib(ul_data.o)
    0x0d20fd48   0x00000018   Data   RW          579    .data               icb_cfg_lib.lib(ul_data.o)
    0x0d20fd60   0x00000018   Data   RW          580    .data               icb_cfg_lib.lib(ul_data.o)
    0x0d20fd78   0x00000018   Data   RW          581    .data               icb_cfg_lib.lib(ul_data.o)
    0x0d20fd90   0x00000018   Data   RW          582    .data               icb_cfg_lib.lib(ul_data.o)
    0x0d20fda8   0x00000018   Data   RW          583    .data               icb_cfg_lib.lib(ul_data.o)
    0x0d20fdc0   0x00000018   Data   RW          584    .data               icb_cfg_lib.lib(ul_data.o)
    0x0d20fdd8   0x00000018   Data   RW          585    .data               icb_cfg_lib.lib(ul_data.o)
    0x0d20fdf0   0x00000018   Data   RW          586    .data               icb_cfg_lib.lib(ul_data.o)
    0x0d20fe08   0x00000018   Data   RW          587    .data               icb_cfg_lib.lib(ul_data.o)
    0x0d20fe20   0x00000018   Data   RW          588    .data               icb_cfg_lib.lib(ul_data.o)
    0x0d20fe38   0x00000018   Data   RW          589    .data               icb_cfg_lib.lib(ul_data.o)
    0x0d20fe50   0x00000018   Data   RW          590    .data               icb_cfg_lib.lib(ul_data.o)
    0x0d20fe68   0x00000018   Data   RW          591    .data               icb_cfg_lib.lib(ul_data.o)
    0x0d20fe80   0x00000018   Data   RW          592    .data               icb_cfg_lib.lib(ul_data.o)
    0x0d20fe98   0x00000018   Data   RW          593    .data               icb_cfg_lib.lib(ul_data.o)
    0x0d20feb0   0x00000018   Data   RW          594    .data               icb_cfg_lib.lib(ul_data.o)
    0x0d20fec8   0x00000018   Data   RW          595    .data               icb_cfg_lib.lib(ul_data.o)
    0x0d20fee0   0x00000018   Data   RW          596    .data               icb_cfg_lib.lib(ul_data.o)
    0x0d20fef8   0x00000018   Data   RW          597    .data               icb_cfg_lib.lib(ul_data.o)
    0x0d20ff10   0x00000018   Data   RW          598    .data               icb_cfg_lib.lib(ul_data.o)
    0x0d20ff28   0x00000018   Data   RW          599    .data               icb_cfg_lib.lib(ul_data.o)
    0x0d20ff40   0x00000018   Data   RW          600    .data               icb_cfg_lib.lib(ul_data.o)
    0x0d20ff58   0x00000018   Data   RW          601    .data               icb_cfg_lib.lib(ul_data.o)
    0x0d20ff70   0x00000018   Data   RW          602    .data               icb_cfg_lib.lib(ul_data.o)
    0x0d20ff88   0x00000018   Data   RW          603    .data               icb_cfg_lib.lib(ul_data.o)
    0x0d20ffa0   0x00000018   Data   RW          604    .data               icb_cfg_lib.lib(ul_data.o)
    0x0d20ffb8   0x00000018   Data   RW          605    .data               icb_cfg_lib.lib(ul_data.o)
    0x0d20ffd0   0x00000018   Data   RW          606    .data               icb_cfg_lib.lib(ul_data.o)
    0x0d20ffe8   0x00000018   Data   RW          607    .data               icb_cfg_lib.lib(ul_data.o)
    0x0d210000   0x00000018   Data   RW          608    .data               icb_cfg_lib.lib(ul_data.o)
    0x0d210018   0x00000018   Data   RW          609    .data               icb_cfg_lib.lib(ul_data.o)
    0x0d210030   0x00000018   Data   RW          610    .data               icb_cfg_lib.lib(ul_data.o)
    0x0d210048   0x00000018   Data   RW          611    .data               icb_cfg_lib.lib(ul_data.o)
    0x0d210060   0x00000018   Data   RW          612    .data               icb_cfg_lib.lib(ul_data.o)
    0x0d210078   0x00000018   Data   RW          613    .data               icb_cfg_lib.lib(ul_data.o)
    0x0d210090   0x00000018   Data   RW          614    .data               icb_cfg_lib.lib(ul_data.o)
    0x0d2100a8   0x00000018   Data   RW          615    .data               icb_cfg_lib.lib(ul_data.o)
    0x0d2100c0   0x00000018   Data   RW          616    .data               icb_cfg_lib.lib(ul_data.o)
    0x0d2100d8   0x00000018   Data   RW          617    .data               icb_cfg_lib.lib(ul_data.o)
    0x0d2100f0   0x00000018   Data   RW          618    .data               icb_cfg_lib.lib(ul_data.o)
    0x0d210108   0x00000018   Data   RW          619    .data               icb_cfg_lib.lib(ul_data.o)
    0x0d210120   0x00000018   Data   RW          620    .data               icb_cfg_lib.lib(ul_data.o)
    0x0d210138   0x00000018   Data   RW          621    .data               icb_cfg_lib.lib(ul_data.o)
    0x0d210150   0x00000018   Data   RW          622    .data               icb_cfg_lib.lib(ul_data.o)
    0x0d210168   0x00000018   Data   RW          623    .data               icb_cfg_lib.lib(ul_data.o)
    0x0d210180   0x00000018   Data   RW          624    .data               icb_cfg_lib.lib(ul_data.o)
    0x0d210198   0x00000018   Data   RW          625    .data               icb_cfg_lib.lib(ul_data.o)
    0x0d2101b0   0x00000018   Data   RW          626    .data               icb_cfg_lib.lib(ul_data.o)
    0x0d2101c8   0x00000018   Data   RW          627    .data               icb_cfg_lib.lib(ul_data.o)
    0x0d2101e0   0x00000018   Data   RW          628    .data               icb_cfg_lib.lib(ul_data.o)
    0x0d2101f8   0x00000018   Data   RW          629    .data               icb_cfg_lib.lib(ul_data.o)
    0x0d210210   0x00000018   Data   RW          630    .data               icb_cfg_lib.lib(ul_data.o)
    0x0d210228   0x00000018   Data   RW          631    .data               icb_cfg_lib.lib(ul_data.o)
    0x0d210240   0x00000018   Data   RW          632    .data               icb_cfg_lib.lib(ul_data.o)
    0x0d210258   0x00000018   Data   RW          633    .data               icb_cfg_lib.lib(ul_data.o)
    0x0d210270   0x00000018   Data   RW          634    .data               icb_cfg_lib.lib(ul_data.o)
    0x0d210288   0x00000018   Data   RW          635    .data               icb_cfg_lib.lib(ul_data.o)
    0x0d2102a0   0x00000018   Data   RW          636    .data               icb_cfg_lib.lib(ul_data.o)
    0x0d2102b8   0x00000018   Data   RW          637    .data               icb_cfg_lib.lib(ul_data.o)
    0x0d2102d0   0x00000018   Data   RW          638    .data               icb_cfg_lib.lib(ul_data.o)
    0x0d2102e8   0x00000018   Data   RW          639    .data               icb_cfg_lib.lib(ul_data.o)
    0x0d210300   0x00000018   Data   RW          640    .data               icb_cfg_lib.lib(ul_data.o)
    0x0d210318   0x00000018   Data   RW          641    .data               icb_cfg_lib.lib(ul_data.o)
    0x0d210330   0x00000018   Data   RW          642    .data               icb_cfg_lib.lib(ul_data.o)
    0x0d210348   0x00000018   Data   RW          643    .data               icb_cfg_lib.lib(ul_data.o)
    0x0d210360   0x00000018   Data   RW          644    .data               icb_cfg_lib.lib(ul_data.o)
    0x0d210378   0x00000018   Data   RW          645    .data               icb_cfg_lib.lib(ul_data.o)
    0x0d210390   0x00000018   Data   RW          646    .data               icb_cfg_lib.lib(ul_data.o)
    0x0d2103a8   0x00000018   Data   RW          647    .data               icb_cfg_lib.lib(ul_data.o)
    0x0d2103c0   0x00000018   Data   RW          648    .data               icb_cfg_lib.lib(ul_data.o)
    0x0d2103d8   0x00000018   Data   RW          649    .data               icb_cfg_lib.lib(ul_data.o)
    0x0d2103f0   0x00000018   Data   RW          650    .data               icb_cfg_lib.lib(ul_data.o)
    0x0d210408   0x00000018   Data   RW          651    .data               icb_cfg_lib.lib(ul_data.o)
    0x0d210420   0x00000018   Data   RW          652    .data               icb_cfg_lib.lib(ul_data.o)
    0x0d210438   0x00000018   Data   RW          653    .data               icb_cfg_lib.lib(ul_data.o)
    0x0d210450   0x00000018   Data   RW          654    .data               icb_cfg_lib.lib(ul_data.o)
    0x0d210468   0x00000018   Data   RW          655    .data               icb_cfg_lib.lib(ul_data.o)
    0x0d210480   0x00000004   Data   RW          656    .data               icb_cfg_lib.lib(ul_data.o)
    0x0d210484   0x0000003c   Data   RW          657    .data               icb_cfg_lib.lib(ul_data.o)
    0x0d2104c0   0x0000005c   Data   RW          658    .data               icb_cfg_lib.lib(ul_data.o)
    0x0d21051c   0x00000010   Data   RW          659    .data               icb_cfg_lib.lib(ul_data.o)
    0x0d21052c   0x0000000c   Data   RW          726    .data               tfunnel_cfg.lib(tfunnel_config.o)
    0x0d210538   0x0000000c   Data   RW          727    .data               tfunnel_cfg.lib(tfunnel_config.o)
    0x0d210544   0x0000000c   Data   RW          728    .data               tfunnel_cfg.lib(tfunnel_config.o)
    0x0d210550   0x0000000c   Data   RW          729    .data               tfunnel_cfg.lib(tfunnel_config.o)
    0x0d21055c   0x0000000c   Data   RW          730    .data               tfunnel_cfg.lib(tfunnel_config.o)
    0x0d210568   0x0000000c   Data   RW          731    .data               tfunnel_cfg.lib(tfunnel_config.o)
    0x0d210574   0x0000000c   Data   RW          732    .data               tfunnel_cfg.lib(tfunnel_config.o)
    0x0d210580   0x0000000c   Data   RW          733    .data               tfunnel_cfg.lib(tfunnel_config.o)
    0x0d21058c   0x0000000c   Data   RW          734    .data               tfunnel_cfg.lib(tfunnel_config.o)
    0x0d210598   0x0000000c   Data   RW          735    .data               tfunnel_cfg.lib(tfunnel_config.o)
    0x0d2105a4   0x0000000c   Data   RW          736    .data               tfunnel_cfg.lib(tfunnel_config.o)
    0x0d2105b0   0x0000000c   Data   RW          737    .data               tfunnel_cfg.lib(tfunnel_config.o)
    0x0d2105bc   0x0000000c   Data   RW          738    .data               tfunnel_cfg.lib(tfunnel_config.o)
    0x0d2105c8   0x0000000c   Data   RW          739    .data               tfunnel_cfg.lib(tfunnel_config.o)
    0x0d2105d4   0x0000000c   Data   RW          740    .data               tfunnel_cfg.lib(tfunnel_config.o)
    0x0d2105e0   0x0000000c   Data   RW          741    .data               tfunnel_cfg.lib(tfunnel_config.o)
    0x0d2105ec   0x00000038   Data   RW          750    .data               SPMCfg.lib(SPMDevCfgData.o)
    0x0d210624   0x00000004   Data   RW          751    .data               SPMCfg.lib(SPMDevCfgData.o)
    0x0d210628   0x0000001b   Data   RW          752    .data               SPMCfg.lib(SPMDevCfgData.o)
    0x0d210643   0x00000001   PAD
    0x0d210644   0x00000054   Data   RW          753    .data               SPMCfg.lib(SPMDevCfgData.o)
    0x0d210698   0x00000001   Data   RW          754    .data               SPMCfg.lib(SPMDevCfgData.o)
    0x0d210699   0x00000003   PAD
    0x0d21069c   0x00000018   Data   RW          783    .data               GPIOIntCfg.lib(GPIOInt_ConfigData.o)
    0x0d2106b4   0x00000790   Data   RW          813    .data               DALInterruptControllerCfg.lib(InterruptConfigData.o)
    0x0d210e44   0x00000014   Data   RW          814    .data               DALInterruptControllerCfg.lib(InterruptConfigData.o)
    0x0d210e58   0x00000010   Data   RW          815    .data               DALInterruptControllerCfg.lib(InterruptConfigData.o)
    0x0d210e68   0x00000028   Data   RW          901    .data               pmic_config_wcnss.lib(pm_wcn_node_resources.o)
    0x0d210e90   0x00000008   Data   RW          902    .data               pmic_config_wcnss.lib(pm_wcn_node_resources.o)
    0x0d210e98   0x00000008   Data   RW          903    .data               pmic_config_wcnss.lib(pm_wcn_node_resources.o)
    0x0d210ea0   0x00000008   Data   RW          904    .data               pmic_config_wcnss.lib(pm_wcn_node_resources.o)
    0x0d210ea8   0x00000008   Data   RW          905    .data               pmic_config_wcnss.lib(pm_wcn_node_resources.o)
    0x0d210eb0   0x00000008   Data   RW          906    .data               pmic_config_wcnss.lib(pm_wcn_node_resources.o)
    0x0d210eb8   0x00000008   Data   RW          907    .data               pmic_config_wcnss.lib(pm_wcn_node_resources.o)
    0x0d210ec0   0x00000018   Data   RW          908    .data               pmic_config_wcnss.lib(pm_wcn_node_resources.o)
    0x0d210ed8   0x00000018   Data   RW          909    .data               pmic_config_wcnss.lib(pm_wcn_node_resources.o)
    0x0d210ef0   0x00000018   Data   RW          910    .data               pmic_config_wcnss.lib(pm_wcn_node_resources.o)
    0x0d210f08   0x00000030   Data   RW          911    .data               pmic_config_wcnss.lib(pm_wcn_node_resources.o)
    0x0d210f38   0x00000048   Data   RW          912    .data               pmic_config_wcnss.lib(pm_wcn_node_resources.o)
    0x0d210f80   0x00000030   Data   RW          913    .data               pmic_config_wcnss.lib(pm_wcn_node_resources.o)
    0x0d210fb0   0x00000048   Data   RW          914    .data               pmic_config_wcnss.lib(pm_wcn_node_resources.o)
    0x0d210ff8   0x00000018   Data   RW          915    .data               pmic_config_wcnss.lib(pm_wcn_node_resources.o)
    0x0d211010   0x00000018   Data   RW          916    .data               pmic_config_wcnss.lib(pm_wcn_node_resources.o)
    0x0d211028   0x00000144   Data   RW          917    .data               pmic_config_wcnss.lib(pm_wcn_node_resources.o)
    0x0d21116c   0x00000004   Data   RW          918    .data               pmic_config_wcnss.lib(pm_wcn_node_resources.o)
    0x0d211170   0x00000004   Data   RW         1045    .data               pmic_config_wcnss.lib(wcnss_settings.o)
    0x0d211174   0x0000000e   Data   RW         1046    .data               pmic_config_wcnss.lib(wcnss_settings.o)
    0x0d211182   0x00000002   PAD
    0x0d211184   0x000000d8   Data   RW         1109    .data               pmic_config_wcnss.lib(pm_wcn_proc_pam.o)
    0x0d21125c   0x000000d8   Data   RW         1110    .data               pmic_config_wcnss.lib(pm_wcn_proc_pam.o)
    0x0d211334   0x00000008   Data   RW         1111    .data               pmic_config_wcnss.lib(pm_wcn_proc_pam.o)
    0x0d21133c   0x00000008   Data   RW         1112    .data               pmic_config_wcnss.lib(pm_wcn_proc_pam.o)
    0x0d211344   0x000003f0   Data   RW         1113    .data               pmic_config_wcnss.lib(pm_wcn_proc_pam.o)
    0x0d211734   0x00000008   Data   RW         1114    .data               pmic_config_wcnss.lib(pm_wcn_proc_pam.o)
    0x0d21173c   0x000002f4   Data   RW         1115    .data               pmic_config_wcnss.lib(pm_wcn_proc_pam.o)
    0x0d211a30   0x00000008   Data   RW         1116    .data               pmic_config_wcnss.lib(pm_wcn_proc_pam.o)
    0x0d211a38   0x00000090   Data   RW         1117    .data               pmic_config_wcnss.lib(pm_wcn_proc_pam.o)
    0x0d211ac8   0x00000288   Data   RW         1118    .data               pmic_config_wcnss.lib(pm_wcn_proc_pam.o)
    0x0d211d50   0x00000288   Data   RW         1119    .data               pmic_config_wcnss.lib(pm_wcn_proc_pam.o)
    0x0d211fd8   0x00000018   Data   RW         1120    .data               pmic_config_wcnss.lib(pm_wcn_proc_pam.o)
    0x0d211ff0   0x00000090   Data   RW         1121    .data               pmic_config_wcnss.lib(pm_wcn_proc_pam.o)
    0x0d212080   0x00000288   Data   RW         1122    .data               pmic_config_wcnss.lib(pm_wcn_proc_pam.o)
    0x0d212308   0x00000288   Data   RW         1123    .data               pmic_config_wcnss.lib(pm_wcn_proc_pam.o)
    0x0d212590   0x00000018   Data   RW         1124    .data               pmic_config_wcnss.lib(pm_wcn_proc_pam.o)
    0x0d2125a8   0x00000288   Data   RW         1125    .data               pmic_config_wcnss.lib(pm_wcn_proc_pam.o)
    0x0d212830   0x00000288   Data   RW         1126    .data               pmic_config_wcnss.lib(pm_wcn_proc_pam.o)
    0x0d212ab8   0x00000010   Data   RW         1127    .data               pmic_config_wcnss.lib(pm_wcn_proc_pam.o)
    0x0d212ac8   0x00000288   Data   RW         1128    .data               pmic_config_wcnss.lib(pm_wcn_proc_pam.o)
    0x0d212d50   0x00000288   Data   RW         1129    .data               pmic_config_wcnss.lib(pm_wcn_proc_pam.o)
    0x0d212fd8   0x00000010   Data   RW         1130    .data               pmic_config_wcnss.lib(pm_wcn_proc_pam.o)
    0x0d212fe8   0x00000288   Data   RW         1131    .data               pmic_config_wcnss.lib(pm_wcn_proc_pam.o)
    0x0d213270   0x00000008   Data   RW         1132    .data               pmic_config_wcnss.lib(pm_wcn_proc_pam.o)



  Load Region DEVCFG_DATA_SEG2 (Base: 0x0d213278, Size: 0x00001508, Max: 0xffffffff, ABSOLUTE)

    Execution Region DEVCFG_DATA_RO (Base: 0x0d213278, Size: 0x00001508, Max: 0xffffffff, ABSOLUTE)

    Base Addr    Size         Type   Attr      Idx    E Section Name        Object

    0x0d213278   0x00000004   Data   RO           65    .constdata          icb_cfg_lib.lib(ul_data.o)
    0x0d21327c   0x00000004   Data   RO           66    .constdata          icb_cfg_lib.lib(ul_data.o)
    0x0d213280   0x00000004   Data   RO           67    .constdata          icb_cfg_lib.lib(ul_data.o)
    0x0d213284   0x00000004   Data   RO           68    .constdata          icb_cfg_lib.lib(ul_data.o)
    0x0d213288   0x00000004   Data   RO           69    .constdata          icb_cfg_lib.lib(ul_data.o)
    0x0d21328c   0x00000004   Data   RO           70    .constdata          icb_cfg_lib.lib(ul_data.o)
    0x0d213290   0x00000004   Data   RO           71    .constdata          icb_cfg_lib.lib(ul_data.o)
    0x0d213294   0x00000008   Data   RO          711    .constdata          hwevent_cfg.lib(hwevent_config.o)
    0x0d21329c   0x00000004   Data   RO          712    .constdata          hwevent_cfg.lib(hwevent_config.o)
    0x0d2132a0   0x00000010   Data   RO          713    .constdata          hwevent_cfg.lib(hwevent_config.o)
    0x0d2132b0   0x00000004   Data   RO          714    .constdata          hwevent_cfg.lib(hwevent_config.o)
    0x0d2132b4   0x000000c0   Data   RO          853    .constdata          Clock_msm8974_bsp.lib(ClockBSP.o)
    0x0d213374   0x00000168   Data   RO          854    .constdata          Clock_msm8974_bsp.lib(ClockBSP.o)
    0x0d2134dc   0x00000050   Data   RO          855    .constdata          Clock_msm8974_bsp.lib(ClockBSP.o)
    0x0d21352c   0x00000050   Data   RO          856    .constdata          Clock_msm8974_bsp.lib(ClockBSP.o)
    0x0d21357c   0x00000008   Data   RO          857    .constdata          Clock_msm8974_bsp.lib(ClockBSP.o)
    0x0d213584   0x00000030   Data   RO          858    .constdata          Clock_msm8974_bsp.lib(ClockBSP.o)
    0x0d2135b4   0x00000234   Data   RO           36    .conststring        DALConfig.lib(DALConfig_wcn.o)
    0x0d2137e8   0x0000000a   Data   RO           72    .conststring        icb_cfg_lib.lib(ul_data.o)
    0x0d2137f2   0x00000005   Data   RO           73    .conststring        icb_cfg_lib.lib(ul_data.o)
    0x0d2137f7   0x0000000a   Data   RO           74    .conststring        icb_cfg_lib.lib(ul_data.o)
    0x0d213801   0x0000000b   Data   RO           75    .conststring        icb_cfg_lib.lib(ul_data.o)
    0x0d21380c   0x0000000a   Data   RO           76    .conststring        icb_cfg_lib.lib(ul_data.o)
    0x0d213816   0x0000000b   Data   RO           77    .conststring        icb_cfg_lib.lib(ul_data.o)
    0x0d213821   0x0000000a   Data   RO           78    .conststring        icb_cfg_lib.lib(ul_data.o)
    0x0d21382b   0x0000000b   Data   RO           79    .conststring        icb_cfg_lib.lib(ul_data.o)
    0x0d213836   0x00000016   Data   RO           82    .conststring        icb_cfg_lib.lib(ul_data.o)
    0x0d21384c   0x0000000f   Data   RO           84    .conststring        icb_cfg_lib.lib(ul_data.o)
    0x0d21385b   0x00000015   Data   RO           86    .conststring        icb_cfg_lib.lib(ul_data.o)
    0x0d213870   0x00000016   Data   RO           88    .conststring        icb_cfg_lib.lib(ul_data.o)
    0x0d213886   0x00000010   Data   RO           90    .conststring        icb_cfg_lib.lib(ul_data.o)
    0x0d213896   0x00000017   Data   RO           92    .conststring        icb_cfg_lib.lib(ul_data.o)
    0x0d2138ad   0x00000014   Data   RO           94    .conststring        icb_cfg_lib.lib(ul_data.o)
    0x0d2138c1   0x00000014   Data   RO           96    .conststring        icb_cfg_lib.lib(ul_data.o)
    0x0d2138d5   0x0000000f   Data   RO           98    .conststring        icb_cfg_lib.lib(ul_data.o)
    0x0d2138e4   0x00000015   Data   RO          100    .conststring        icb_cfg_lib.lib(ul_data.o)
    0x0d2138f9   0x00000013   Data   RO          102    .conststring        icb_cfg_lib.lib(ul_data.o)
    0x0d21390c   0x00000013   Data   RO          104    .conststring        icb_cfg_lib.lib(ul_data.o)
    0x0d21391f   0x00000013   Data   RO          106    .conststring        icb_cfg_lib.lib(ul_data.o)
    0x0d213932   0x00000014   Data   RO          108    .conststring        icb_cfg_lib.lib(ul_data.o)
    0x0d213946   0x00000015   Data   RO          110    .conststring        icb_cfg_lib.lib(ul_data.o)
    0x0d21395b   0x00000013   Data   RO          112    .conststring        icb_cfg_lib.lib(ul_data.o)
    0x0d21396e   0x00000013   Data   RO          114    .conststring        icb_cfg_lib.lib(ul_data.o)
    0x0d213981   0x00000015   Data   RO          116    .conststring        icb_cfg_lib.lib(ul_data.o)
    0x0d213996   0x00000016   Data   RO          118    .conststring        icb_cfg_lib.lib(ul_data.o)
    0x0d2139ac   0x00000012   Data   RO          120    .conststring        icb_cfg_lib.lib(ul_data.o)
    0x0d2139be   0x00000012   Data   RO          122    .conststring        icb_cfg_lib.lib(ul_data.o)
    0x0d2139d0   0x00000012   Data   RO          124    .conststring        icb_cfg_lib.lib(ul_data.o)
    0x0d2139e2   0x00000013   Data   RO          126    .conststring        icb_cfg_lib.lib(ul_data.o)
    0x0d2139f5   0x00000014   Data   RO          128    .conststring        icb_cfg_lib.lib(ul_data.o)
    0x0d213a09   0x00000012   Data   RO          130    .conststring        icb_cfg_lib.lib(ul_data.o)
    0x0d213a1b   0x00000012   Data   RO          132    .conststring        icb_cfg_lib.lib(ul_data.o)
    0x0d213a2d   0x0000000f   Data   RO          134    .conststring        icb_cfg_lib.lib(ul_data.o)
    0x0d213a3c   0x00000010   Data   RO          136    .conststring        icb_cfg_lib.lib(ul_data.o)
    0x0d213a4c   0x00000017   Data   RO          138    .conststring        icb_cfg_lib.lib(ul_data.o)
    0x0d213a63   0x00000016   Data   RO          140    .conststring        icb_cfg_lib.lib(ul_data.o)
    0x0d213a79   0x00000016   Data   RO          142    .conststring        icb_cfg_lib.lib(ul_data.o)
    0x0d213a8f   0x00000018   Data   RO          144    .conststring        icb_cfg_lib.lib(ul_data.o)
    0x0d213aa7   0x00000011   Data   RO          146    .conststring        icb_cfg_lib.lib(ul_data.o)
    0x0d213ab8   0x00000015   Data   RO          148    .conststring        icb_cfg_lib.lib(ul_data.o)
    0x0d213acd   0x00000015   Data   RO          150    .conststring        icb_cfg_lib.lib(ul_data.o)
    0x0d213ae2   0x00000012   Data   RO          152    .conststring        icb_cfg_lib.lib(ul_data.o)
    0x0d213af4   0x00000015   Data   RO          154    .conststring        icb_cfg_lib.lib(ul_data.o)
    0x0d213b09   0x00000014   Data   RO          156    .conststring        icb_cfg_lib.lib(ul_data.o)
    0x0d213b1d   0x000009fd   Data   RO          812    .conststring        DALInterruptControllerCfg.lib(InterruptConfigData.o)
    0x0d21451a   0x00000045   Data   RO          859    .conststring        Clock_msm8974_bsp.lib(ClockBSP.o)
    0x0d21455f   0x0000008f   Data   RO          885    .conststring        pmic_config_wcnss.lib(pm_wcn_node_resources.o)
    0x0d2145ee   0x0000001e   Data   RO          886    .conststring        pmic_config_wcnss.lib(pm_wcn_node_resources.o)
    0x0d21460c   0x0000001c   Data   RO          887    .conststring        pmic_config_wcnss.lib(pm_wcn_node_resources.o)
    0x0d214628   0x000000e8   Data   RO          897    .conststring        pmic_config_wcnss.lib(pm_wcn_node_resources.o)
    0x0d214710   0x0000002d   Data   RO          898    .conststrlit        pmic_config_wcnss.lib(pm_wcn_node_resources.o)
    0x0d21473d   0x00000009   Data   RO          899    .conststrlit        pmic_config_wcnss.lib(pm_wcn_node_resources.o)
    0x0d214746   0x00000009   Data   RO          900    .conststrlit        pmic_config_wcnss.lib(pm_wcn_node_resources.o)
    0x0d21474f   0x00000001   PAD
    0x0d214750   0x00000030   Data   RO         1359    Region$$Table       anon$$obj.o


==============================================================================

Image component sizes


      Code (inc. data)   RO Data    RW Data    ZI Data      Debug   Object Name

         0          0          0         16          0      15292   devcfg_data.o
         6          0          0          0          0        708   devcfg_main.o

    ----------------------------------------------------------------------
         8          0         48         16          0      16000   Object Totals
         0          0         48          0          0          0   (incl. Generated)
         2          0          0          0          0          0   (incl. Padding)

    ----------------------------------------------------------------------

      Code (inc. data)   RO Data    RW Data    ZI Data      Debug   Library Member Name

         0          0        837          0          0      25811   ClockBSP.o
         0          0        564       6084          0      14075   DALConfig_wcn.o
         0          0       2557       1972          0      18962   InterruptConfigData.o
         0          0          0         24          0      14503   GPIOInt_ConfigData.o
         0          0          0        172          0       7752   SPMDevCfgData.o
        96          2          0          0          0          0   __dclz77c.o
         8          0          0          0          0         68   __main.o
        60          8          0          0          0          0   __scatter.o
        40          0          0          0          0          0   __scatter_copy.o
        44          0          0          0          0          0   __scatter_zi.o
        12          0          0          0          0         64   exit.o
         0          0          0          0          0          0   indicate_semi.o
         2          0          0          0          0          0   libinit.o
         2          0          0          0          0          0   libinit2.o
         2          0          0          0          0          0   libshutdown.o
         2          0          0          0          0          0   libshutdown2.o
        12          4          0          0         96         68   libspace.o
         0          0          0          0          0          0   rtentry.o
        44          4          0          0          0          0   rtentry2.o
         8          0          0          0          0          0   rtentry4.o
         4          0          0          0          0          0   rtexit.o
        12          0          0          0          0          0   rtexit2.o
        12          4          0          0          0         60   sys_exit.o
        96          0          0          0          0         80   sys_stackheap_outer.o
         4          0          0          0          0         68   use_no_semi.o
         0          0         32          0          0       2625   hwevent_config.o
         0          0        849      11456          0      50664   ul_data.o
         0          0        496        776          0      31277   pm_wcn_node_resources.o
         0          0          0       8436          0       4120   pm_wcn_proc_pam.o
         0          0          0         18          0      13651   wcnss_settings.o
         0          0          0        192          0       1964   tfunnel_config.o

    ----------------------------------------------------------------------
       460         22       5336      29288         96     185812   Library Totals
         0          0          1        158          0          0   (incl. Padding)

    ----------------------------------------------------------------------

      Code (inc. data)   RO Data    RW Data    ZI Data      Debug   Library Name

         0          0        837          0          0      25811   Clock_msm8974_bsp.lib
         0          0        564       6084          0      14075   DALConfig.lib
         0          0       2557       1972          0      18962   DALInterruptControllerCfg.lib
         0          0          0         24          0      14503   GPIOIntCfg.lib
         0          0          0        172          0       7752   SPMCfg.lib
       460         22          0          0         96        408   c_5.l
         0          0         32          0          0       2625   hwevent_cfg.lib
         0          0        849      11456          0      50664   icb_cfg_lib.lib
         0          0        496       9230          0      49048   pmic_config_wcnss.lib
         0          0          0        192          0       1964   tfunnel_cfg.lib

    ----------------------------------------------------------------------
       460         22       5336      29288         96     185812   Library Totals

    ----------------------------------------------------------------------

==============================================================================


      Code (inc. data)   RO Data    RW Data    ZI Data      Debug   

       468         22       5384      29304         96     201612   Grand Totals
       468         22       5384      29304         96     201612   ELF Image Totals
       468         22       5384      29304          0          0   ROM Totals

==============================================================================

    Total RO  Size (Code + RO Data)                 5852 (   5.71kB)
    Total RW  Size (RW Data + ZI Data)             29400 (  28.71kB)
    Total ROM Size (Code + RO Data + RW Data)      35156 (  34.33kB)

==============================================================================

